Archive member included to satisfy reference by file (symbol)

/home/user/PANA-Zolertia/gcc-arm-none-eabi-5_2-2015q4/bin/../lib/gcc/arm-none-eabi/5.2.1/armv7-m/libgcc.a(_aeabi_uldivmod.o)
                              build/zoul/firefly/obj/spi-legacy.o (__aeabi_uldivmod)
/home/user/PANA-Zolertia/gcc-arm-none-eabi-5_2-2015q4/bin/../lib/gcc/arm-none-eabi/5.2.1/armv7-m/libgcc.a(_udivmoddi4.o)
                              /home/user/PANA-Zolertia/gcc-arm-none-eabi-5_2-2015q4/bin/../lib/gcc/arm-none-eabi/5.2.1/armv7-m/libgcc.a(_aeabi_uldivmod.o) (__udivmoddi4)
/home/user/PANA-Zolertia/gcc-arm-none-eabi-5_2-2015q4/bin/../lib/gcc/arm-none-eabi/5.2.1/armv7-m/libgcc.a(_dvmd_tls.o)
                              /home/user/PANA-Zolertia/gcc-arm-none-eabi-5_2-2015q4/bin/../lib/gcc/arm-none-eabi/5.2.1/armv7-m/libgcc.a(_aeabi_uldivmod.o) (__aeabi_ldiv0)
/home/user/PANA-Zolertia/gcc-arm-none-eabi-5_2-2015q4/bin/../lib/gcc/arm-none-eabi/5.2.1/../../../../arm-none-eabi/lib/armv7-m/libc.a(lib_a-ctype_.o)
                              build/zoul/firefly/obj/resolv.o (__ctype_ptr__)
/home/user/PANA-Zolertia/gcc-arm-none-eabi-5_2-2015q4/bin/../lib/gcc/arm-none-eabi/5.2.1/../../../../arm-none-eabi/lib/armv7-m/libc.a(lib_a-malloc.o)
                              build/zoul/firefly/obj/_cantcoap.o (malloc)
/home/user/PANA-Zolertia/gcc-arm-none-eabi-5_2-2015q4/bin/../lib/gcc/arm-none-eabi/5.2.1/../../../../arm-none-eabi/lib/armv7-m/libc.a(lib_a-mallocr.o)
                              /home/user/PANA-Zolertia/gcc-arm-none-eabi-5_2-2015q4/bin/../lib/gcc/arm-none-eabi/5.2.1/../../../../arm-none-eabi/lib/armv7-m/libc.a(lib_a-malloc.o) (_malloc_r)
/home/user/PANA-Zolertia/gcc-arm-none-eabi-5_2-2015q4/bin/../lib/gcc/arm-none-eabi/5.2.1/../../../../arm-none-eabi/lib/armv7-m/libc.a(lib_a-memcmp.o)
                              build/zoul/firefly/obj/linkaddr.o (memcmp)
/home/user/PANA-Zolertia/gcc-arm-none-eabi-5_2-2015q4/bin/../lib/gcc/arm-none-eabi/5.2.1/../../../../arm-none-eabi/lib/armv7-m/libc.a(lib_a-memcpy.o)
                              build/zoul/firefly/obj/ecc-algorithm.o (memcpy)
/home/user/PANA-Zolertia/gcc-arm-none-eabi-5_2-2015q4/bin/../lib/gcc/arm-none-eabi/5.2.1/../../../../arm-none-eabi/lib/armv7-m/libc.a(lib_a-memmove.o)
                              build/zoul/firefly/obj/uip-icmp6.o (memmove)
/home/user/PANA-Zolertia/gcc-arm-none-eabi-5_2-2015q4/bin/../lib/gcc/arm-none-eabi/5.2.1/../../../../arm-none-eabi/lib/armv7-m/libc.a(lib_a-memset.o)
                              build/zoul/firefly/obj/udma.o (memset)
/home/user/PANA-Zolertia/gcc-arm-none-eabi-5_2-2015q4/bin/../lib/gcc/arm-none-eabi/5.2.1/../../../../arm-none-eabi/lib/armv7-m/libc.a(lib_a-mlock.o)
                              /home/user/PANA-Zolertia/gcc-arm-none-eabi-5_2-2015q4/bin/../lib/gcc/arm-none-eabi/5.2.1/../../../../arm-none-eabi/lib/armv7-m/libc.a(lib_a-mallocr.o) (__malloc_lock)
/home/user/PANA-Zolertia/gcc-arm-none-eabi-5_2-2015q4/bin/../lib/gcc/arm-none-eabi/5.2.1/../../../../arm-none-eabi/lib/armv7-m/libc.a(lib_a-rand.o)
                              udp-client.o (rand)
/home/user/PANA-Zolertia/gcc-arm-none-eabi-5_2-2015q4/bin/../lib/gcc/arm-none-eabi/5.2.1/../../../../arm-none-eabi/lib/armv7-m/libc.a(lib_a-reent.o)
                              build/zoul/firefly/obj/syscalls.o (errno)
/home/user/PANA-Zolertia/gcc-arm-none-eabi-5_2-2015q4/bin/../lib/gcc/arm-none-eabi/5.2.1/../../../../arm-none-eabi/lib/armv7-m/libc.a(lib_a-sbrkr.o)
                              /home/user/PANA-Zolertia/gcc-arm-none-eabi-5_2-2015q4/bin/../lib/gcc/arm-none-eabi/5.2.1/../../../../arm-none-eabi/lib/armv7-m/libc.a(lib_a-mallocr.o) (_sbrk_r)
/home/user/PANA-Zolertia/gcc-arm-none-eabi-5_2-2015q4/bin/../lib/gcc/arm-none-eabi/5.2.1/../../../../arm-none-eabi/lib/armv7-m/libc.a(lib_a-strcasecmp.o)
                              build/zoul/firefly/obj/resolv.o (strcasecmp)
/home/user/PANA-Zolertia/gcc-arm-none-eabi-5_2-2015q4/bin/../lib/gcc/arm-none-eabi/5.2.1/../../../../arm-none-eabi/lib/armv7-m/libc.a(lib_a-strchr.o)
                              build/zoul/firefly/obj/shell.o (strchr)
/home/user/PANA-Zolertia/gcc-arm-none-eabi-5_2-2015q4/bin/../lib/gcc/arm-none-eabi/5.2.1/../../../../arm-none-eabi/lib/armv7-m/libc.a(lib_a-strcmp.o)
                              build/zoul/firefly/obj/cfs-coffee.o (strcmp)
/home/user/PANA-Zolertia/gcc-arm-none-eabi-5_2-2015q4/bin/../lib/gcc/arm-none-eabi/5.2.1/../../../../arm-none-eabi/lib/armv7-m/libc.a(lib_a-strlen-stub.o)
                              build/zoul/firefly/obj/sensors.o (strlen)
/home/user/PANA-Zolertia/gcc-arm-none-eabi-5_2-2015q4/bin/../lib/gcc/arm-none-eabi/5.2.1/../../../../arm-none-eabi/lib/armv7-m/libc.a(lib_a-strncasecmp.o)
                              build/zoul/firefly/obj/resolv.o (strncasecmp)
/home/user/PANA-Zolertia/gcc-arm-none-eabi-5_2-2015q4/bin/../lib/gcc/arm-none-eabi/5.2.1/../../../../arm-none-eabi/lib/armv7-m/libc.a(lib_a-strncat.o)
[...]
Memory Configuration

Name             Origin             Length             Attributes
FLASH_FW         0x00202000         0x0007dfd4         xr
FLASH_CCA        0x0027ffd4         0x0000002c         xr
NRSRAM           0x20000000         0x00004000         xrw
FRSRAM           0x20004000         0x00004000         xrw
*default*        0x00000000         0xffffffff

Linker script and memory map

LOAD build/zoul/firefly/obj/startup-gcc.o
LOAD build/zoul/firefly/obj/platform.o
LOAD build/zoul/firefly/obj/leds-arch.o
LOAD build/zoul/firefly/obj/leds.o
LOAD build/zoul/firefly/obj/cc1200-zoul-arch.o
LOAD build/zoul/firefly/obj/adc-zoul.o
LOAD build/zoul/firefly/obj/board-buttons.o
LOAD build/zoul/firefly/obj/zoul-sensors.o
LOAD build/zoul/firefly/obj/board.o
LOAD build/zoul/firefly/obj/soc.o
LOAD build/zoul/firefly/obj/clock.o
LOAD build/zoul/firefly/obj/rtimer-arch.o
LOAD build/zoul/firefly/obj/uart.o
LOAD build/zoul/firefly/obj/watchdog.o
LOAD build/zoul/firefly/obj/nvic.o
LOAD build/zoul/firefly/obj/sys-ctrl.o
LOAD build/zoul/firefly/obj/gpio.o
LOAD build/zoul/firefly/obj/ioc.o
LOAD build/zoul/firefly/obj/spi-legacy.o
LOAD build/zoul/firefly/obj/adc.o
LOAD build/zoul/firefly/obj/spi-arch.o
LOAD build/zoul/firefly/obj/crypto.o
LOAD build/zoul/firefly/obj/aes.o
LOAD build/zoul/firefly/obj/ecb.o
LOAD build/zoul/firefly/obj/cbc.o
LOAD build/zoul/firefly/obj/ctr.o
LOAD build/zoul/firefly/obj/cbc-mac.o
LOAD build/zoul/firefly/obj/gcm.o
LOAD build/zoul/firefly/obj/ccm.o
LOAD build/zoul/firefly/obj/sha256.o
LOAD build/zoul/firefly/obj/gpio-hal-arch.o
LOAD build/zoul/firefly/obj/cc2538-aes-128.o
LOAD build/zoul/firefly/obj/cc2538-ccm-star.o
LOAD build/zoul/firefly/obj/cc2538-rf.o
LOAD build/zoul/firefly/obj/udma.o
LOAD build/zoul/firefly/obj/lpm.o
LOAD build/zoul/firefly/obj/int-master.o
LOAD build/zoul/firefly/obj/pka.o
LOAD build/zoul/firefly/obj/bignum-driver.o
LOAD build/zoul/firefly/obj/ecc-driver.o
LOAD build/zoul/firefly/obj/ecc-algorithm.o
LOAD build/zoul/firefly/obj/ecc-curve.o
LOAD build/zoul/firefly/obj/dbg.o
LOAD build/zoul/firefly/obj/ieee-addr.o
LOAD build/zoul/firefly/obj/slip-arch.o
LOAD build/zoul/firefly/obj/slip.o
LOAD build/zoul/firefly/obj/i2c.o
LOAD build/zoul/firefly/obj/cc2538-temp-sensor.o
LOAD build/zoul/firefly/obj/vdd3-sensor.o
LOAD build/zoul/firefly/obj/cfs-coffee.o
LOAD build/zoul/firefly/obj/cfs-coffee-arch.o
LOAD build/zoul/firefly/obj/pwm.o
LOAD build/zoul/firefly/obj/usb-core.o
LOAD build/zoul/firefly/obj/cdc-acm.o
LOAD build/zoul/firefly/obj/usb-arch.o
LOAD build/zoul/firefly/obj/usb-serial.o
LOAD build/zoul/firefly/obj/cdc-acm-descriptors.o
LOAD build/zoul/firefly/obj/shell.o
LOAD build/zoul/firefly/obj/shell-commands.o
LOAD build/zoul/firefly/obj/serial-shell.o
LOAD build/zoul/firefly/obj/contiki-main.o
LOAD build/zoul/firefly/obj/autostart.o
LOAD build/zoul/firefly/obj/ctimer.o
LOAD build/zoul/firefly/obj/log.o
LOAD build/zoul/firefly/obj/energest.o
LOAD build/zoul/firefly/obj/etimer.o
LOAD build/zoul/firefly/obj/node-id.o
LOAD build/zoul/firefly/obj/mutex.o
LOAD build/zoul/firefly/obj/stimer.o
LOAD build/zoul/firefly/obj/compower.o
LOAD build/zoul/firefly/obj/atomic.o
LOAD build/zoul/firefly/obj/rtimer.o
LOAD build/zoul/firefly/obj/process.o
LOAD build/zoul/firefly/obj/timer.o
LOAD build/zoul/firefly/obj/stack-check.o
LOAD build/zoul/firefly/obj/button-hal.o
LOAD build/zoul/firefly/obj/serial-line.o
LOAD build/zoul/firefly/obj/spi.o
LOAD build/zoul/firefly/obj/nullradio.o
LOAD build/zoul/firefly/obj/gpio-hal.o
LOAD build/zoul/firefly/obj/dbl-circ-list.o
LOAD build/zoul/firefly/obj/crc16.o
LOAD build/zoul/firefly/obj/ifft.o
LOAD build/zoul/firefly/obj/trickle-timer.o
LOAD build/zoul/firefly/obj/ccm-star.o
LOAD build/zoul/firefly/obj/dbl-list.o
LOAD build/zoul/firefly/obj/ringbufindex.o
LOAD build/zoul/firefly/obj/sensors.o
LOAD build/zoul/firefly/obj/list.o
LOAD build/zoul/firefly/obj/circular-list.o
LOAD build/zoul/firefly/obj/aes-128.o
LOAD build/zoul/firefly/obj/memb.o
LOAD build/zoul/firefly/obj/heapmem.o
LOAD build/zoul/firefly/obj/random.o
LOAD build/zoul/firefly/obj/assert.o
LOAD build/zoul/firefly/obj/ringbuf.o
LOAD build/zoul/firefly/obj/queuebuf.o
LOAD build/zoul/firefly/obj/nbr-table.o
LOAD build/zoul/firefly/obj/packetbuf.o
LOAD build/zoul/firefly/obj/netstack.o
LOAD build/zoul/firefly/obj/linkaddr.o
LOAD build/zoul/firefly/obj/net-debug.o
LOAD build/zoul/firefly/obj/link-stats.o
LOAD build/zoul/firefly/obj/mac-sequence.o
LOAD build/zoul/firefly/obj/mac.o
LOAD build/zoul/firefly/obj/frame802154e-ie.o
LOAD build/zoul/firefly/obj/framer-802154.o
LOAD build/zoul/firefly/obj/nullframer.o
LOAD build/zoul/firefly/obj/frame802154.o
LOAD build/zoul/firefly/obj/syscalls.o
LOAD build/zoul/firefly/obj/strformat.o
LOAD build/zoul/firefly/obj/printf.o
LOAD build/zoul/firefly/obj/sprintf.o
LOAD build/zoul/firefly/obj/snprintf.o
LOAD build/zoul/firefly/obj/puts.o
LOAD build/zoul/firefly/obj/putchar.o
LOAD build/zoul/firefly/obj/cc1200-868-fsk-1-2kbps.o
LOAD build/zoul/firefly/obj/cc1200-802154g-863-870-fsk-50kbps.o
LOAD build/zoul/firefly/obj/cc1200.o
LOAD build/zoul/firefly/obj/cc1200-868-4gfsk-1000kbps.o
LOAD build/zoul/firefly/obj/rgb-led.o
LOAD build/zoul/firefly/obj/csma-security.o
LOAD build/zoul/firefly/obj/anti-replay.o
LOAD build/zoul/firefly/obj/csma.o
LOAD build/zoul/firefly/obj/csma-output.o
LOAD build/zoul/firefly/obj/ccm-star-packetbuf.o
LOAD build/zoul/firefly/obj/uipbuf.o
LOAD build/zoul/firefly/obj/uip-icmp6.o
LOAD build/zoul/firefly/obj/uip-sr.o
LOAD build/zoul/firefly/obj/uip-ds6.o
LOAD build/zoul/firefly/obj/uip-packetqueue.o
LOAD build/zoul/firefly/obj/tcp-socket.o
LOAD build/zoul/firefly/obj/uiplib.o
LOAD build/zoul/firefly/obj/ip64-addr.o
LOAD build/zoul/firefly/obj/uip-udp-packet.o
LOAD build/zoul/firefly/obj/psock.o
LOAD build/zoul/firefly/obj/tcpip.o
LOAD build/zoul/firefly/obj/uip6.o
LOAD build/zoul/firefly/obj/resolv.o
LOAD build/zoul/firefly/obj/uip-ds6-nbr.o
LOAD build/zoul/firefly/obj/uip-nameserver.o
LOAD build/zoul/firefly/obj/uip-nd6.o
LOAD build/zoul/firefly/obj/udp-socket.o
LOAD build/zoul/firefly/obj/simple-udp.o
LOAD build/zoul/firefly/obj/uip-ds6-route.o
LOAD build/zoul/firefly/obj/sicslowpan.o
LOAD build/zoul/firefly/obj/rpl-nbr-policy.o
LOAD build/zoul/firefly/obj/rpl-of0.o
LOAD build/zoul/firefly/obj/rpl-neighbor.o
LOAD build/zoul/firefly/obj/rpl-timers.o
LOAD build/zoul/firefly/obj/rpl-ext-header.o
LOAD build/zoul/firefly/obj/rpl.o
LOAD build/zoul/firefly/obj/rpl-mrhof.o
LOAD build/zoul/firefly/obj/rpl-icmp6.o
LOAD build/zoul/firefly/obj/rpl-dag.o
LOAD build/zoul/firefly/obj/rpl-dag-root.o
LOAD udp-client.o
LOAD build/zoul/firefly/obj/eap-peer.o
LOAD build/zoul/firefly/obj/eap-psk.o
LOAD build/zoul/firefly/obj/eax.o
LOAD build/zoul/firefly/obj/_cantcoap.o
START GROUP
LOAD /home/user/PANA-Zolertia/gcc-arm-none-eabi-5_2-2015q4/bin/../lib/gcc/arm-none-eabi/5.2.1/../../../../arm-none-eabi/lib/armv7-m/libm.a
END GROUP
START GROUP
LOAD /home/user/PANA-Zolertia/gcc-arm-none-eabi-5_2-2015q4/bin/../lib/gcc/arm-none-eabi/5.2.1/armv7-m/libgcc.a
LOAD /home/user/PANA-Zolertia/gcc-arm-none-eabi-5_2-2015q4/bin/../lib/gcc/arm-none-eabi/5.2.1/../../../../arm-none-eabi/lib/armv7-m/libc.a
END GROUP

.text           0x00202000     0xc96b
                0x00202000                _text = .
 *(SORT(.vectors))
 .vectors       0x00202000      0x28c build/zoul/firefly/obj/startup-gcc.o
                0x00202000                vectors
 *(SORT(.text*))
 .text.reset_handler
                0x0020228c       0x40 build/zoul/firefly/obj/startup-gcc.o
                0x0020228c                reset_handler
 .text.platform_init_stage_two
                0x002022cc       0x4c build/zoul/firefly/obj/platform.o
                0x002022cc                platform_init_stage_two
 .text.platform_init_stage_three
                0x00202318       0x8c build/zoul/firefly/obj/platform.o
                0x00202318                platform_init_stage_three
 .text.leds_on  0x002023a4       0x60 build/zoul/firefly/obj/leds.o
                0x002023a4                leds_on
 .text.leds_off
                0x00202404       0x48 build/zoul/firefly/obj/leds.o
                0x00202404                leds_off
 .text.leds_init
                0x0020244c       0x44 build/zoul/firefly/obj/leds.o
                0x0020244c                leds_init
 .text.soc_get_rev
                0x00202490       0x18 build/zoul/firefly/obj/soc.o
                0x00202490                soc_get_rev
 .text.soc_print_info
                0x002024a8       0x10 build/zoul/firefly/obj/soc.o
                0x002024a8                soc_print_info
 .text.update_ticks
                0x002024b8       0x4c build/zoul/firefly/obj/clock.o
 .text.clock_init
                0x00202504       0x4c build/zoul/firefly/obj/clock.o
                0x00202504                clock_init
 .text.clock_time
                0x00202550       0x14 build/zoul/firefly/obj/clock.o
                0x00202550                clock_time
 .text.clock_seconds
                0x00202564       0x14 build/zoul/firefly/obj/clock.o
                0x00202564                clock_seconds
 .text.clock_delay_usec
                0x00202578       0x1c build/zoul/firefly/obj/clock.o
                0x00202578                clock_delay_usec
 .text.clock_adjust
                0x00202594       0x20 build/zoul/firefly/obj/clock.o
                0x00202594                clock_adjust
 .text.rtimer_arch_next_trigger
                0x002025b4        0xc build/zoul/firefly/obj/rtimer-arch.o
                0x002025b4                rtimer_arch_next_trigger
 .text.rtimer_arch_now
                0x002025c0       0x2c build/zoul/firefly/obj/rtimer-arch.o
                0x002025c0                rtimer_arch_now
 .text.rtimer_arch_schedule
                0x002025ec       0x58 build/zoul/firefly/obj/rtimer-arch.o
                0x002025ec                rtimer_arch_schedule
 .text.rtimer_isr
                0x00202644       0x2c build/zoul/firefly/obj/rtimer-arch.o
                0x00202644                rtimer_isr
 .text.permit_pm1
                0x00202670       0x24 build/zoul/firefly/obj/uart.o
 .text.uart_isr
                0x00202694       0x64 build/zoul/firefly/obj/uart.o
 .text.uart_init
                0x002026f8      0x1a8 build/zoul/firefly/obj/uart.o
                0x002026f8                uart_init
 .text.uart_set_input
                0x002028a0       0x10 build/zoul/firefly/obj/uart.o
                0x002028a0                uart_set_input
 .text.uart_write_byte
                0x002028b0       0x1c build/zoul/firefly/obj/uart.o
                0x002028b0                uart_write_byte
 .text.watchdog_init
                0x002028cc        0xc build/zoul/firefly/obj/watchdog.o
                0x002028cc                watchdog_init
 .text.watchdog_start
                0x002028d8        0xc build/zoul/firefly/obj/watchdog.o
                0x002028d8                watchdog_start
 .text.watchdog_periodic
                0x002028e4       0x10 build/zoul/firefly/obj/watchdog.o
                0x002028e4                watchdog_periodic
 .text.nvic_init
                0x002028f4       0x10 build/zoul/firefly/obj/nvic.o
                0x002028f4                nvic_init
 .text.sys_ctrl_init
                0x00202904       0x74 build/zoul/firefly/obj/sys-ctrl.o
                0x00202904                sys_ctrl_init
 .text.gpio_port_isr
                0x00202978       0x4c build/zoul/firefly/obj/gpio.o
 .text.ioc_init
                0x002029c4       0x1c build/zoul/firefly/obj/ioc.o
                0x002029c4                ioc_init
 .text.ioc_set_over
                0x002029e0       0x14 build/zoul/firefly/obj/ioc.o
                0x002029e0                ioc_set_over
 .text.ioc_set_sel
                0x002029f4       0x14 build/zoul/firefly/obj/ioc.o
                0x002029f4                ioc_set_sel
 .text.adc_get  0x00202a08       0x78 build/zoul/firefly/obj/adc.o
                0x00202a08                adc_get
 .text.permit_pm1
                0x00202a80       0x10 build/zoul/firefly/obj/crypto.o
 .text.crypto_isr
                0x00202a90       0x28 build/zoul/firefly/obj/crypto.o
                0x00202a90                crypto_isr
 .text.crypto_enable
                0x00202ab8       0x20 build/zoul/firefly/obj/crypto.o
                0x00202ab8                crypto_enable
 .text.crypto_init
                0x00202ad8       0x3c build/zoul/firefly/obj/crypto.o
                0x00202ad8                crypto_init
 .text.crypto_disable
                0x00202b14       0x20 build/zoul/firefly/obj/crypto.o
                0x00202b14                crypto_disable
 .text.expandKey.constprop.2
                0x00202b34       0xc4 build/zoul/firefly/obj/aes.o
 .text.aes_encrypt
                0x00202bf8      0x4a8 build/zoul/firefly/obj/aes.o
                0x00202bf8                aes_encrypt
 .text.gpio_hal_arch_no_port_pin_cfg_set
                0x002030a0       0xe0 build/zoul/firefly/obj/gpio-hal-arch.o
                0x002030a0                gpio_hal_arch_no_port_pin_cfg_set
 .text.on       0x00203180       0x28 build/zoul/firefly/obj/cc2538-rf.o
 .text.off      0x002031a8       0x40 build/zoul/firefly/obj/cc2538-rf.o
 .text.set_channel
                0x002031e8       0x38 build/zoul/firefly/obj/cc2538-rf.o
 .text.channel_clear
                0x00203220       0x3c build/zoul/firefly/obj/cc2538-rf.o
 .text.receiving_packet
                0x0020325c       0x18 build/zoul/firefly/obj/cc2538-rf.o
 .text.pending_packet
                0x00203274       0x10 build/zoul/firefly/obj/cc2538-rf.o
 .text.get_value
                0x00203284      0x178 build/zoul/firefly/obj/cc2538-rf.o
 .text.set_poll_mode
                0x002033fc       0x9c build/zoul/firefly/obj/cc2538-rf.o
 .text.set_object
                0x00203498       0x30 build/zoul/firefly/obj/cc2538-rf.o
 .text.read     0x002034c8       0xe0 build/zoul/firefly/obj/cc2538-rf.o
 .text.prepare  0x002035a8       0x68 build/zoul/firefly/obj/cc2538-rf.o
 .text.init     0x00203610       0xe8 build/zoul/firefly/obj/cc2538-rf.o
 .text.process_thread_cc2538_rf_process
                0x002036f8       0x90 build/zoul/firefly/obj/cc2538-rf.o
 .text.get_object
                0x00203788      0x144 build/zoul/firefly/obj/cc2538-rf.o
 .text.transmit
                0x002038cc       0xa4 build/zoul/firefly/obj/cc2538-rf.o
 .text.set_value
                0x00203970      0x18c build/zoul/firefly/obj/cc2538-rf.o
 .text.cc2538_rf_rx_tx_isr
                0x00203afc       0x24 build/zoul/firefly/obj/cc2538-rf.o
                0x00203afc                cc2538_rf_rx_tx_isr
 .text.cc2538_rf_err_isr
                0x00203b20       0x28 build/zoul/firefly/obj/cc2538-rf.o
                0x00203b20                cc2538_rf_err_isr
 .text.udma_init
                0x00203b48       0x34 build/zoul/firefly/obj/udma.o
                0x00203b48                udma_init
 .text.udma_set_channel_src
                0x00203b7c       0x10 build/zoul/firefly/obj/udma.o
                0x00203b7c                udma_set_channel_src
 .text.udma_set_channel_dst
                0x00203b8c       0x14 build/zoul/firefly/obj/udma.o
                0x00203b8c                udma_set_channel_dst
 .text.udma_set_channel_control_word
                0x00203ba0       0x14 build/zoul/firefly/obj/udma.o
                0x00203ba0                udma_set_channel_control_word
 .text.udma_channel_enable
                0x00203bb4       0x18 build/zoul/firefly/obj/udma.o
                0x00203bb4                udma_channel_enable
 .text.udma_channel_mask_set
                0x00203bcc       0x18 build/zoul/firefly/obj/udma.o
                0x00203bcc                udma_channel_mask_set
 .text.udma_channel_sw_request
                0x00203be4       0x18 build/zoul/firefly/obj/udma.o
                0x00203be4                udma_channel_sw_request
 .text.udma_channel_get_mode
                0x00203bfc       0x1c build/zoul/firefly/obj/udma.o
                0x00203bfc                udma_channel_get_mode
 .text.udma_isr
                0x00203c18       0x10 build/zoul/firefly/obj/udma.o
                0x00203c18                udma_isr
 .text.udma_err_isr
                0x00203c28        0xc build/zoul/firefly/obj/udma.o
                0x00203c28                udma_err_isr
 .text.select_32_mhz_xosc
                0x00203c34       0x30 build/zoul/firefly/obj/lpm.o
 .text.lpm_exit
                0x00203c64       0x34 build/zoul/firefly/obj/lpm.o
                0x00203c64                lpm_exit
 .text.lpm_enter
                0x00203c98       0xb8 build/zoul/firefly/obj/lpm.o
                0x00203c98                lpm_enter
 .text.lpm_register_peripheral
                0x00203d50       0x24 build/zoul/firefly/obj/lpm.o
                0x00203d50                lpm_register_peripheral
 .text.lpm_init
                0x00203d74       0x24 build/zoul/firefly/obj/lpm.o
                0x00203d74                lpm_init
 .text.pka_isr  0x00203d98       0x28 build/zoul/firefly/obj/pka.o
                0x00203d98                pka_isr
 .text.ieee_addr_cpy_to
                0x00203dc0       0x60 build/zoul/firefly/obj/ieee-addr.o
                0x00203dc0                ieee_addr_cpy_to
 .text.startup.main
                0x00203e20      0x1ec build/zoul/firefly/obj/contiki-main.o
                0x00203e20                main
 .text.process_thread_ctimer_process
                0x0020400c       0x80 build/zoul/firefly/obj/ctimer.o
 .text.ctimer_init
                0x0020408c       0x28 build/zoul/firefly/obj/ctimer.o
                0x0020408c                ctimer_init
 .text.ctimer_set_with_process
                0x002040b4       0x44 build/zoul/firefly/obj/ctimer.o
                0x002040b4                ctimer_set_with_process
 .text.ctimer_set
                0x002040f8       0x14 build/zoul/firefly/obj/ctimer.o
                0x002040f8                ctimer_set
 .text.ctimer_reset
                0x0020410c       0x38 build/zoul/firefly/obj/ctimer.o
                0x0020410c                ctimer_reset
 .text.ctimer_stop
                0x00204144       0x2c build/zoul/firefly/obj/ctimer.o
                0x00204144                ctimer_stop
 .text.ctimer_expired
                0x00204170       0x34 build/zoul/firefly/obj/ctimer.o
                0x00204170                ctimer_expired
 .text.log_6addr
                0x002041a4       0x20 build/zoul/firefly/obj/log.o
                0x002041a4                log_6addr
 .text.log_lladdr
                0x002041c4       0x3c build/zoul/firefly/obj/log.o
                0x002041c4                log_lladdr
 .text.update_time
                0x00204200       0x44 build/zoul/firefly/obj/etimer.o
 .text.etimer_request_poll
                0x00204244        0xc build/zoul/firefly/obj/etimer.o
                0x00204244                etimer_request_poll
 .text.process_thread_etimer_process
                0x00204250       0xac build/zoul/firefly/obj/etimer.o
 .text.add_timer
                0x002042fc       0x40 build/zoul/firefly/obj/etimer.o
 .text.etimer_pending
                0x0020433c       0x10 build/zoul/firefly/obj/etimer.o
                0x0020433c                etimer_pending
 .text.etimer_stop
                0x0020434c       0x34 build/zoul/firefly/obj/etimer.o
                0x0020434c                etimer_stop
 .text.node_id_init
                0x00204380       0x18 build/zoul/firefly/obj/node-id.o
                0x00204380                node_id_init
 .text.stimer_expired
                0x00204398       0x20 build/zoul/firefly/obj/stimer.o
                0x00204398                stimer_expired
 .text.rtimer_run_next
                0x002043b8       0x28 build/zoul/firefly/obj/rtimer.o
                0x002043b8                rtimer_run_next
 .text.call_process.part.0
                0x002043e0       0x38 build/zoul/firefly/obj/process.o
 .text.exit_process
                0x00204418       0x80 build/zoul/firefly/obj/process.o
 .text.do_poll  0x00204498       0x34 build/zoul/firefly/obj/process.o
 .text.process_alloc_event
                0x002044cc       0x10 build/zoul/firefly/obj/process.o
                0x002044cc                process_alloc_event
 .text.process_init
                0x002044dc       0x30 build/zoul/firefly/obj/process.o
                0x002044dc                process_init
 .text.process_run
                0x0020450c       0x84 build/zoul/firefly/obj/process.o
                0x0020450c                process_run
 .text.process_nevents
                0x00204590       0x14 build/zoul/firefly/obj/process.o
                0x00204590                process_nevents
 .text.process_post
                0x002045a4       0x3c build/zoul/firefly/obj/process.o
                0x002045a4                process_post
 .text.process_post_synch
                0x002045e0       0x14 build/zoul/firefly/obj/process.o
                0x002045e0                process_post_synch
 .text.process_start
                0x002045f4       0x30 build/zoul/firefly/obj/process.o
                0x002045f4                process_start
 .text.process_poll
                0x00204624       0x18 build/zoul/firefly/obj/process.o
                0x00204624                process_poll
 .text.stack_check_init
                0x0020463c       0x28 build/zoul/firefly/obj/stack-check.o
                0x0020463c                stack_check_init
 .text.stack_check_get_usage
                0x00204664       0x40 build/zoul/firefly/obj/stack-check.o
                0x00204664                stack_check_get_usage
 .text.process_thread_stack_check_process
                0x002046a4       0xac build/zoul/firefly/obj/stack-check.o
 .text.duration_exceeded_callback
                0x00204750       0x34 build/zoul/firefly/obj/button-hal.o
 .text.process_thread_button_hal_process
                0x00204784       0x70 build/zoul/firefly/obj/button-hal.o
 .text.press_release_handler
                0x002047f4       0x18 build/zoul/firefly/obj/button-hal.o
 .text.debounce_handler
                0x0020480c       0x64 build/zoul/firefly/obj/button-hal.o
 .text.button_hal_init
                0x00204870       0xf4 build/zoul/firefly/obj/button-hal.o
                0x00204870                button_hal_init
 .text.process_thread_serial_line_process
                0x00204964       0x9c build/zoul/firefly/obj/serial-line.o
 .text.serial_line_input_byte
                0x00204a00       0x44 build/zoul/firefly/obj/serial-line.o
                0x00204a00                serial_line_input_byte
 .text.serial_line_init
                0x00204a44       0x24 build/zoul/firefly/obj/serial-line.o
                0x00204a44                serial_line_init
 .text.gpio_hal_register_handler
                0x00204a68        0xc build/zoul/firefly/obj/gpio-hal.o
                0x00204a68                gpio_hal_register_handler
 .text.gpio_hal_event_handler
                0x00204a74       0x24 build/zoul/firefly/obj/gpio-hal.o
                0x00204a74                gpio_hal_event_handler
 .text.gpio_hal_init
                0x00204a98        0xc build/zoul/firefly/obj/gpio-hal.o
                0x00204a98                gpio_hal_init
 .text.process_thread_sensors_process
                0x00204aa4       0xdc build/zoul/firefly/obj/sensors.o
 .text.random_rand
                0x00204b80       0x20 build/zoul/firefly/obj/random.o
                0x00204b80                random_rand
 .text.random_init
                0x00204ba0       0x7c build/zoul/firefly/obj/random.o
                0x00204ba0                random_init
 .text.queuebuf_init
                0x00204c1c       0x1c build/zoul/firefly/obj/queuebuf.o
                0x00204c1c                queuebuf_init
 .text.queuebuf_numfree
                0x00204c38        0xc build/zoul/firefly/obj/queuebuf.o
                0x00204c38                queuebuf_numfree
 .text.queuebuf_new_from_packetbuf
                0x00204c44       0x44 build/zoul/firefly/obj/queuebuf.o
                0x00204c44                queuebuf_new_from_packetbuf
 .text.queuebuf_free
                0x00204c88       0x2c build/zoul/firefly/obj/queuebuf.o
                0x00204c88                queuebuf_free
 .text.queuebuf_to_packetbuf
                0x00204cb4       0x30 build/zoul/firefly/obj/queuebuf.o
                0x00204cb4                queuebuf_to_packetbuf
 .text.index_from_key
                0x00204ce4       0x20 build/zoul/firefly/obj/nbr-table.o
 .text.index_from_lladdr
                0x00204d04       0x40 build/zoul/firefly/obj/nbr-table.o
 .text.nbr_get_bit.constprop.0
                0x00204d44       0x2c build/zoul/firefly/obj/nbr-table.o
 .text.nbr_table_is_registered
                0x00204d70       0x20 build/zoul/firefly/obj/nbr-table.o
                0x00204d70                nbr_table_is_registered
 .text.nbr_table_register
                0x00204d90       0x30 build/zoul/firefly/obj/nbr-table.o
                0x00204d90                nbr_table_register
 .text.nbr_table_next
                0x00204dc0       0x48 build/zoul/firefly/obj/nbr-table.o
                0x00204dc0                nbr_table_next
 .text.nbr_table_head
                0x00204e08       0x38 build/zoul/firefly/obj/nbr-table.o
                0x00204e08                nbr_table_head
 .text.nbr_table_add_lladdr
                0x00204e40      0x16c build/zoul/firefly/obj/nbr-table.o
                0x00204e40                nbr_table_add_lladdr
 .text.nbr_table_remove
                0x00204fac       0x2c build/zoul/firefly/obj/nbr-table.o
                0x00204fac                nbr_table_remove
 .text.nbr_table_lock
                0x00204fd8       0x10 build/zoul/firefly/obj/nbr-table.o
                0x00204fd8                nbr_table_lock
 .text.nbr_table_unlock
                0x00204fe8       0x10 build/zoul/firefly/obj/nbr-table.o
                0x00204fe8                nbr_table_unlock
 .text.nbr_table_get_lladdr
                0x00204ff8       0x24 build/zoul/firefly/obj/nbr-table.o
                0x00204ff8                nbr_table_get_lladdr
 .text.packetbuf_hdrreduce
                0x0020501c       0x28 build/zoul/firefly/obj/packetbuf.o
                0x0020501c                packetbuf_hdrreduce
 .text.packetbuf_set_datalen
                0x00205044        0xc build/zoul/firefly/obj/packetbuf.o
                0x00205044                packetbuf_set_datalen
 .text.packetbuf_hdrptr
                0x00205050        0x8 build/zoul/firefly/obj/packetbuf.o
                0x00205050                packetbuf_hdrptr
 .text.packetbuf_datalen
                0x00205058        0xc build/zoul/firefly/obj/packetbuf.o
                0x00205058                packetbuf_datalen
 .text.packetbuf_hdrlen
                0x00205064       0x18 build/zoul/firefly/obj/packetbuf.o
                0x00205064                packetbuf_hdrlen
 .text.packetbuf_dataptr
                0x0020507c       0x10 build/zoul/firefly/obj/packetbuf.o
                0x0020507c                packetbuf_dataptr
 .text.packetbuf_copyto
                0x0020508c       0x44 build/zoul/firefly/obj/packetbuf.o
                0x0020508c                packetbuf_copyto
 .text.packetbuf_totlen
                0x002050d0       0x14 build/zoul/firefly/obj/packetbuf.o
                0x002050d0                packetbuf_totlen
 .text.packetbuf_hdralloc
                0x002050e4       0x40 build/zoul/firefly/obj/packetbuf.o
                0x002050e4                packetbuf_hdralloc
 .text.packetbuf_attr_clear
                0x00205124       0x34 build/zoul/firefly/obj/packetbuf.o
                0x00205124                packetbuf_attr_clear
 .text.packetbuf_clear
                0x00205158       0x20 build/zoul/firefly/obj/packetbuf.o
                0x00205158                packetbuf_clear
 .text.packetbuf_copyfrom
                0x00205178       0x2c build/zoul/firefly/obj/packetbuf.o
                0x00205178                packetbuf_copyfrom
 .text.packetbuf_attr_copyto
                0x002051a4       0x24 build/zoul/firefly/obj/packetbuf.o
                0x002051a4                packetbuf_attr_copyto
 .text.packetbuf_attr_copyfrom
                0x002051c8       0x24 build/zoul/firefly/obj/packetbuf.o
                0x002051c8                packetbuf_attr_copyfrom
 .text.packetbuf_set_attr
                0x002051ec       0x10 build/zoul/firefly/obj/packetbuf.o
                0x002051ec                packetbuf_set_attr
 .text.packetbuf_attr
                0x002051fc        0xc build/zoul/firefly/obj/packetbuf.o
                0x002051fc                packetbuf_attr
 .text.packetbuf_set_addr
                0x00205208       0x18 build/zoul/firefly/obj/packetbuf.o
                0x00205208                packetbuf_set_addr
 .text.packetbuf_addr
                0x00205220       0x10 build/zoul/firefly/obj/packetbuf.o
                0x00205220                packetbuf_addr
 .text.packetbuf_holds_broadcast
                0x00205230       0x10 build/zoul/firefly/obj/packetbuf.o
                0x00205230                packetbuf_holds_broadcast
 .text.netstack_process_ip_callback
                0x00205240       0x40 build/zoul/firefly/obj/netstack.o
                0x00205240                netstack_process_ip_callback
 .text.netstack_init
                0x00205280       0x24 build/zoul/firefly/obj/netstack.o
                0x00205280                netstack_init
 .text.periodic
                0x002052a4       0x2c build/zoul/firefly/obj/link-stats.o
 .text.link_stats_from_lladdr
                0x002052d0        0xc build/zoul/firefly/obj/link-stats.o
                0x002052d0                link_stats_from_lladdr
 .text.link_stats_packet_sent
                0x002052dc       0x74 build/zoul/firefly/obj/link-stats.o
                0x002052dc                link_stats_packet_sent
 .text.link_stats_input_callback
                0x00205350       0x50 build/zoul/firefly/obj/link-stats.o
                0x00205350                link_stats_input_callback
 .text.link_stats_reset
                0x002053a0       0x24 build/zoul/firefly/obj/link-stats.o
                0x002053a0                link_stats_reset
 .text.link_stats_init
                0x002053c4       0x28 build/zoul/firefly/obj/link-stats.o
                0x002053c4                link_stats_init
 .text.mac_sequence_is_duplicate
                0x002053ec       0x4c build/zoul/firefly/obj/mac-sequence.o
                0x002053ec                mac_sequence_is_duplicate
 .text.mac_sequence_register_seqno
                0x00205438       0x60 build/zoul/firefly/obj/mac-sequence.o
                0x00205438                mac_sequence_register_seqno
 .text.create_frame
                0x00205498       0xd0 build/zoul/firefly/obj/framer-802154.o
 .text.frame802154_get_pan_id
                0x00205568        0xc build/zoul/firefly/obj/frame802154.o
                0x00205568                frame802154_get_pan_id
 .text.frame802154_parse
                0x00205574      0x124 build/zoul/firefly/obj/frame802154.o
                0x00205574                frame802154_parse
 .text._sbrk    0x00205698       0x2c build/zoul/firefly/obj/syscalls.o
                0x00205698                _sbrk
 .text.fill_space
                0x002056c4       0x34 build/zoul/firefly/obj/strformat.o
 .text.format_str_v
                0x002056f8      0x6c8 build/zoul/firefly/obj/strformat.o
                0x002056f8                format_str_v
 .text.printf   0x00205dc0       0x20 build/zoul/firefly/obj/printf.o
                0x00205dc0                printf
 .text.sprintf  0x00205de0       0x30 build/zoul/firefly/obj/sprintf.o
                0x00205de0                sprintf
 .text.vsnprintf
                0x00205e10       0x28 build/zoul/firefly/obj/snprintf.o
                0x00205e10                vsnprintf
 .text.csma_security_create_frame
                0x00205e38       0x18 build/zoul/firefly/obj/csma-security.o
                0x00205e38                csma_security_create_frame
 .text.csma_security_parse_frame
                0x00205e50        0xc build/zoul/firefly/obj/csma-security.o
                0x00205e50                csma_security_parse_frame
 .text.on       0x00205e5c        0xc build/zoul/firefly/obj/csma.o
 .text.off      0x00205e68        0xc build/zoul/firefly/obj/csma.o
 .text.max_payload
                0x00205e74       0x1c build/zoul/firefly/obj/csma.o
 .text.input_packet
                0x00205e90       0x60 build/zoul/firefly/obj/csma.o
 .text.schedule_transmission
                0x00205ef0       0x38 build/zoul/firefly/obj/csma-output.o
 .text.tx_done  0x00205f28       0x84 build/zoul/firefly/obj/csma-output.o
 .text.transmit_from_queue
                0x00205fac      0x1ac build/zoul/firefly/obj/csma-output.o
 .text.csma_output_packet
                0x00206158      0x13c build/zoul/firefly/obj/csma-output.o
                0x00206158                csma_output_packet
 .text.csma_output_init
                0x00206294       0x24 build/zoul/firefly/obj/csma-output.o
                0x00206294                csma_output_init
 .text.uipbuf_add_ext_hdr
                0x002062b8       0x30 build/zoul/firefly/obj/uipbuf.o
                0x002062b8                uipbuf_add_ext_hdr
 .text.uipbuf_set_len
                0x002062e8       0x14 build/zoul/firefly/obj/uipbuf.o
                0x002062e8                uipbuf_set_len
 .text.uipbuf_get_attr
                0x002062fc       0x14 build/zoul/firefly/obj/uipbuf.o
                0x002062fc                uipbuf_get_attr
 .text.uipbuf_clear_attr
                0x00206310       0x14 build/zoul/firefly/obj/uipbuf.o
                0x00206310                uipbuf_clear_attr
 .text.uipbuf_clear
                0x00206324       0x20 build/zoul/firefly/obj/uipbuf.o
                0x00206324                uipbuf_clear
 .text.uipbuf_init
                0x00206344       0x20 build/zoul/firefly/obj/uipbuf.o
                0x00206344                uipbuf_init
 .text.echo_reply_input
                0x00206364       0x6c build/zoul/firefly/obj/uip-icmp6.o
 .text.echo_request_input
                0x002063d0       0x98 build/zoul/firefly/obj/uip-icmp6.o
 .text.uip_icmp6_input
                0x00206468       0x38 build/zoul/firefly/obj/uip-icmp6.o
                0x00206468                uip_icmp6_input
 .text.uip_icmp6_register_input_handler
                0x002064a0        0xc build/zoul/firefly/obj/uip-icmp6.o
                0x002064a0                uip_icmp6_register_input_handler
 .text.uip_icmp6_error_output
                0x002064ac      0x144 build/zoul/firefly/obj/uip-icmp6.o
                0x002064ac                uip_icmp6_error_output
 .text.uip_icmp6_send
                0x002065f0       0x7c build/zoul/firefly/obj/uip-icmp6.o
                0x002065f0                uip_icmp6_send
 .text.uip_icmp6_init
                0x0020666c       0x1c build/zoul/firefly/obj/uip-icmp6.o
                0x0020666c                uip_icmp6_init
 .text.node_matches_address.part.0
                0x00206688       0x28 build/zoul/firefly/obj/uip-sr.o
 .text.uip_sr_get_node
                0x002066b0       0x34 build/zoul/firefly/obj/uip-sr.o
                0x002066b0                uip_sr_get_node
 .text.uip_sr_is_addr_reachable
                0x002066e4       0x44 build/zoul/firefly/obj/uip-sr.o
                0x002066e4                uip_sr_is_addr_reachable
 .text.uip_sr_update_node
                0x00206728       0xa4 build/zoul/firefly/obj/uip-sr.o
                0x00206728                uip_sr_update_node
 .text.uip_sr_init
                0x002067cc       0x24 build/zoul/firefly/obj/uip-sr.o
                0x002067cc                uip_sr_init
 .text.uip_sr_periodic
                0x002067f0       0x68 build/zoul/firefly/obj/uip-sr.o
                0x002067f0                uip_sr_periodic
 .text.uip_sr_free_all
                0x00206858       0x40 build/zoul/firefly/obj/uip-sr.o
                0x00206858                uip_sr_free_all
 .text.uip_ds6_default_prefix
                0x00206898        0x8 build/zoul/firefly/obj/uip-ds6.o
                0x00206898                uip_ds6_default_prefix
 .text.uip_ds6_prefix_add
                0x002068a0       0x64 build/zoul/firefly/obj/uip-ds6.o
                0x002068a0                uip_ds6_prefix_add
 .text.uip_ds6_is_addr_onlink
                0x00206904       0x40 build/zoul/firefly/obj/uip-ds6.o
                0x00206904                uip_ds6_is_addr_onlink
 .text.uip_ds6_addr_lookup
                0x00206944       0x2c build/zoul/firefly/obj/uip-ds6.o
                0x00206944                uip_ds6_addr_lookup
 .text.uip_ds6_get_link_local
                0x00206970       0x40 build/zoul/firefly/obj/uip-ds6.o
                0x00206970                uip_ds6_get_link_local
 .text.uip_ds6_maddr_add
                0x002069b0       0x4c build/zoul/firefly/obj/uip-ds6.o
                0x002069b0                uip_ds6_maddr_add
 .text.uip_ds6_addr_add
                0x002069fc       0x94 build/zoul/firefly/obj/uip-ds6.o
                0x002069fc                uip_ds6_addr_add
 .text.uip_ds6_maddr_lookup
                0x00206a90       0x2c build/zoul/firefly/obj/uip-ds6.o
                0x00206a90                uip_ds6_maddr_lookup
 .text.uip_ds6_addr_rm
                0x00206abc       0x44 build/zoul/firefly/obj/uip-ds6.o
                0x00206abc                uip_ds6_addr_rm
 .text.uip_ds6_periodic
                0x00206b00       0x4c build/zoul/firefly/obj/uip-ds6.o
                0x00206b00                uip_ds6_periodic
 .text.uip_ds6_select_src
                0x00206b4c       0x94 build/zoul/firefly/obj/uip-ds6.o
                0x00206b4c                uip_ds6_select_src
 .text.uip_ds6_compute_reachable_time
                0x00206be0       0x2c build/zoul/firefly/obj/uip-ds6.o
                0x00206be0                uip_ds6_compute_reachable_time
 .text.uip_ds6_init
                0x00206c0c      0x118 build/zoul/firefly/obj/uip-ds6.o
                0x00206c0c                uip_ds6_init
 .text.uiplib_ipaddr_snprint
                0x00206d24       0xf0 build/zoul/firefly/obj/uiplib.o
                0x00206d24                uiplib_ipaddr_snprint
 .text.uiplib_ipaddr_print
                0x00206e14       0x20 build/zoul/firefly/obj/uiplib.o
                0x00206e14                uiplib_ipaddr_print
 .text.uip_udp_packet_send
                0x00206e34       0x34 build/zoul/firefly/obj/uip-udp-packet.o
                0x00206e34                uip_udp_packet_send
 .text.tcpip_output
                0x00206e68       0x2c build/zoul/firefly/obj/tcpip.o
                0x00206e68                tcpip_output
 .text.udp_new  0x00206e94       0x18 build/zoul/firefly/obj/tcpip.o
                0x00206e94                udp_new
 .text.tcpip_input
                0x00206eac       0x24 build/zoul/firefly/obj/tcpip.o
                0x00206eac                tcpip_input
 .text.tcpip_ipv6_output
                0x00206ed0       0xe4 build/zoul/firefly/obj/tcpip.o
                0x00206ed0                tcpip_ipv6_output
 .text.packet_input
                0x00206fb4       0x20 build/zoul/firefly/obj/tcpip.o
 .text.process_thread_tcpip_process
                0x00206fd4       0xbc build/zoul/firefly/obj/tcpip.o
 .text.tcpip_uipcall
                0x00207090       0x2c build/zoul/firefly/obj/tcpip.o
                0x00207090                tcpip_uipcall
 .text.upper_layer_chksum
                0x002070bc       0x54 build/zoul/firefly/obj/uip6.o
 .text.unlikely.ext_hdr_options_process
                0x00207110       0x7c build/zoul/firefly/obj/uip6.o
 .text.unlikely.uip_update_ttl
                0x0020718c       0x24 build/zoul/firefly/obj/uip6.o
 .text.uip_init
                0x002071b0       0x38 build/zoul/firefly/obj/uip6.o
                0x002071b0                uip_init
 .text.uip_remove_ext_hdr
                0x002071e8       0x68 build/zoul/firefly/obj/uip6.o
                0x002071e8                uip_remove_ext_hdr
 .text.uip_udp_new
                0x00207250       0x8c build/zoul/firefly/obj/uip6.o
                0x00207250                uip_udp_new
 .text.uip_process
                0x002072dc      0x45c build/zoul/firefly/obj/uip6.o
                0x002072dc                uip_process
 .text.uip_ds6_nbr_rm
                0x00207738       0x24 build/zoul/firefly/obj/uip-ds6-nbr.o
                0x00207738                uip_ds6_nbr_rm
 .text.uip_ds6_neighbors_init
                0x0020775c       0x1c build/zoul/firefly/obj/uip-ds6-nbr.o
                0x0020775c                uip_ds6_neighbors_init
 .text.uip_ds6_nbr_add
                0x00207778       0x40 build/zoul/firefly/obj/uip-ds6-nbr.o
                0x00207778                uip_ds6_nbr_add
 .text.uip_ds6_nbr_get_ll
                0x002077b8        0xc build/zoul/firefly/obj/uip-ds6-nbr.o
                0x002077b8                uip_ds6_nbr_get_ll
 .text.uip_ds6_nbr_head
                0x002077c4        0xc build/zoul/firefly/obj/uip-ds6-nbr.o
                0x002077c4                uip_ds6_nbr_head
 .text.uip_ds6_nbr_next
                0x002077d0        0xc build/zoul/firefly/obj/uip-ds6-nbr.o
                0x002077d0                uip_ds6_nbr_next
 .text.uip_ds6_nbr_ll_lookup
                0x002077dc        0xc build/zoul/firefly/obj/uip-ds6-nbr.o
                0x002077dc                uip_ds6_nbr_ll_lookup
 .text.ns_input
                0x002077e8      0x268 build/zoul/firefly/obj/uip-nd6.o
 .text.uip_nd6_init
                0x00207a50        0xc build/zoul/firefly/obj/uip-nd6.o
                0x00207a50                uip_nd6_init
 .text.uip_ds6_route_init
                0x00207a5c       0x1c build/zoul/firefly/obj/uip-ds6-route.o
                0x00207a5c                uip_ds6_route_init
 .text.uip_ds6_defrt_rm
                0x00207a78       0x38 build/zoul/firefly/obj/uip-ds6-route.o
                0x00207a78                uip_ds6_defrt_rm
 .text.uip_ds6_defrt_lookup
                0x00207ab0       0x34 build/zoul/firefly/obj/uip-ds6-route.o
                0x00207ab0                uip_ds6_defrt_lookup
 .text.uip_ds6_defrt_add
                0x00207ae4       0x60 build/zoul/firefly/obj/uip-ds6-route.o
                0x00207ae4                uip_ds6_defrt_add
 .text.uip_ds6_defrt_choose
                0x00207b44       0x30 build/zoul/firefly/obj/uip-ds6-route.o
                0x00207b44                uip_ds6_defrt_choose
 .text.uip_ds6_defrt_periodic
                0x00207b74       0x30 build/zoul/firefly/obj/uip-ds6-route.o
                0x00207b74                uip_ds6_defrt_periodic
 .text.clear_fragments
                0x00207ba4       0x3c build/zoul/firefly/obj/sicslowpan.o
 .text.sicslowpan_init
                0x00207be0       0x18 build/zoul/firefly/obj/sicslowpan.o
                0x00207be0                sicslowpan_init
 .text.set_packet_attrs
                0x00207bf8       0x58 build/zoul/firefly/obj/sicslowpan.o
 .text.compress_addr_64
                0x00207c50       0x90 build/zoul/firefly/obj/sicslowpan.o
 .text.addr_context_lookup_by_prefix
                0x00207ce0       0x24 build/zoul/firefly/obj/sicslowpan.o
 .text.send_packet
                0x00207d04       0x24 build/zoul/firefly/obj/sicslowpan.o
 .text.fragment_copy_payload_and_send
                0x00207d28       0x6c build/zoul/firefly/obj/sicslowpan.o
 .text.output   0x00207d94      0x77c build/zoul/firefly/obj/sicslowpan.o
 .text.packet_sent
                0x00208510       0x5c build/zoul/firefly/obj/sicslowpan.o
 .text.store_fragment
                0x0020856c       0x58 build/zoul/firefly/obj/sicslowpan.o
 .text.uncompress_addr
                0x002085c4       0x90 build/zoul/firefly/obj/sicslowpan.o
 .text.add_fragment
                0x00208654      0x120 build/zoul/firefly/obj/sicslowpan.o
 .text.input    0x00208774      0x750 build/zoul/firefly/obj/sicslowpan.o
 .text.update_state
                0x00208ec4       0x78 build/zoul/firefly/obj/rpl-nbr-policy.o
 .text.rpl_nbr_policy_find_removable
                0x00208f3c       0x50 build/zoul/firefly/obj/rpl-nbr-policy.o
                0x00208f3c                rpl_nbr_policy_find_removable
 .text.remove_neighbor
                0x00208f8c       0x3c build/zoul/firefly/obj/rpl-neighbor.o
 .text.rpl_neighbor_get_from_lladdr
                0x00208fc8       0x10 build/zoul/firefly/obj/rpl-neighbor.o
                0x00208fc8                rpl_neighbor_get_from_lladdr
 .text.rpl_neighbor_rank_via_nbr
                0x00208fd8       0x18 build/zoul/firefly/obj/rpl-neighbor.o
                0x00208fd8                rpl_neighbor_rank_via_nbr
 .text.rpl_neighbor_get_lladdr
                0x00208ff0       0x10 build/zoul/firefly/obj/rpl-neighbor.o
                0x00208ff0                rpl_neighbor_get_lladdr
 .text.best_parent
                0x00209000       0x94 build/zoul/firefly/obj/rpl-neighbor.o
 .text.rpl_neighbor_is_parent
                0x00209094       0x18 build/zoul/firefly/obj/rpl-neighbor.o
                0x00209094                rpl_neighbor_is_parent
 .text.rpl_neighbor_set_preferred_parent
                0x002090ac       0x44 build/zoul/firefly/obj/rpl-neighbor.o
                0x002090ac                rpl_neighbor_set_preferred_parent
 .text.rpl_neighbor_remove_all
                0x002090f0       0x2c build/zoul/firefly/obj/rpl-neighbor.o
                0x002090f0                rpl_neighbor_remove_all
 .text.rpl_neighbor_get_from_ipaddr
                0x0020911c       0x1c build/zoul/firefly/obj/rpl-neighbor.o
                0x0020911c                rpl_neighbor_get_from_ipaddr
 .text.rpl_neighbor_select_best
                0x00209138       0x54 build/zoul/firefly/obj/rpl-neighbor.o
                0x00209138                rpl_neighbor_select_best
 .text.rpl_neighbor_init
                0x0020918c       0x14 build/zoul/firefly/obj/rpl-neighbor.o
                0x0020918c                rpl_neighbor_init
 .text.new_dio_interval
                0x002091a0       0x58 build/zoul/firefly/obj/rpl-timers.o
 .text.schedule_dao_retransmission
                0x002091f8       0x30 build/zoul/firefly/obj/rpl-timers.o
 .text.handle_unicast_dio_timer
                0x00209228       0x1c build/zoul/firefly/obj/rpl-timers.o
 .text.send_new_dao
                0x00209244       0x34 build/zoul/firefly/obj/rpl-timers.o
 .text.resend_dao
                0x00209278       0x38 build/zoul/firefly/obj/rpl-timers.o
 .text.handle_dao_ack_timer
                0x002092b0       0x14 build/zoul/firefly/obj/rpl-timers.o
 .text.handle_leaving_timer
                0x002092c4       0x10 build/zoul/firefly/obj/rpl-timers.o
 .text.handle_dio_timer
                0x002092d4       0x70 build/zoul/firefly/obj/rpl-timers.o
 .text.rpl_timers_schedule_periodic_dis
                0x00209344       0x38 build/zoul/firefly/obj/rpl-timers.o
                0x00209344                rpl_timers_schedule_periodic_dis
 .text.handle_dis_timer
                0x0020937c       0x34 build/zoul/firefly/obj/rpl-timers.o
 .text.handle_periodic_timer
                0x002093b0       0x48 build/zoul/firefly/obj/rpl-timers.o
 .text.rpl_timers_dio_reset
                0x002093f8       0x28 build/zoul/firefly/obj/rpl-timers.o
                0x002093f8                rpl_timers_dio_reset
 .text.rpl_timers_schedule_unicast_dio
                0x00209420       0x28 build/zoul/firefly/obj/rpl-timers.o
                0x00209420                rpl_timers_schedule_unicast_dio
 .text.rpl_timers_schedule_dao
                0x00209448       0x34 build/zoul/firefly/obj/rpl-timers.o
                0x00209448                rpl_timers_schedule_dao
 .text.rpl_timers_schedule_dao_ack
                0x0020947c       0x48 build/zoul/firefly/obj/rpl-timers.o
                0x0020947c                rpl_timers_schedule_dao_ack
 .text.rpl_timers_notify_dao_ack
                0x002094c4       0x4c build/zoul/firefly/obj/rpl-timers.o
                0x002094c4                rpl_timers_notify_dao_ack
 .text.get_probing_target
                0x00209510       0xc0 build/zoul/firefly/obj/rpl-timers.o
                0x00209510                get_probing_target
 .text.rpl_schedule_probing
                0x002095d0       0x28 build/zoul/firefly/obj/rpl-timers.o
                0x002095d0                rpl_schedule_probing
 .text.rpl_schedule_probing_now
                0x002095f8       0x2c build/zoul/firefly/obj/rpl-timers.o
                0x002095f8                rpl_schedule_probing_now
 .text.rpl_timers_unschedule_leaving
                0x00209624       0x24 build/zoul/firefly/obj/rpl-timers.o
                0x00209624                rpl_timers_unschedule_leaving
 .text.rpl_timers_schedule_leaving
                0x00209648       0x30 build/zoul/firefly/obj/rpl-timers.o
                0x00209648                rpl_timers_schedule_leaving
 .text.rpl_timers_init
                0x00209678       0x20 build/zoul/firefly/obj/rpl-timers.o
                0x00209678                rpl_timers_init
 .text.rpl_timers_stop_dag_timers
                0x00209698       0x44 build/zoul/firefly/obj/rpl-timers.o
                0x00209698                rpl_timers_stop_dag_timers
 .text.rpl_timers_unschedule_state_update
                0x002096dc       0x14 build/zoul/firefly/obj/rpl-timers.o
                0x002096dc                rpl_timers_unschedule_state_update
 .text.rpl_timers_schedule_state_update
                0x002096f0       0x1c build/zoul/firefly/obj/rpl-timers.o
                0x002096f0                rpl_timers_schedule_state_update
 .text.update_hbh_header
                0x0020970c       0x4c build/zoul/firefly/obj/rpl-ext-header.o
 .text.rpl_ext_header_srh_get_next_hop
                0x00209758       0x84 build/zoul/firefly/obj/rpl-ext-header.o
                0x00209758                rpl_ext_header_srh_get_next_hop
 .text.rpl_ext_header_srh_update
                0x002097dc       0xa4 build/zoul/firefly/obj/rpl-ext-header.o
                0x002097dc                rpl_ext_header_srh_update
 .text.rpl_ext_header_hbh_update
                0x00209880       0x90 build/zoul/firefly/obj/rpl-ext-header.o
                0x00209880                rpl_ext_header_hbh_update
 .text.rpl_ext_header_remove
                0x00209910       0xb0 build/zoul/firefly/obj/rpl-ext-header.o
                0x00209910                rpl_ext_header_remove
 .text.rpl_ext_header_update
                0x002099c0      0x258 build/zoul/firefly/obj/rpl-ext-header.o
                0x002099c0                rpl_ext_header_update
 .text.rpl_has_joined
                0x00209c18       0x18 build/zoul/firefly/obj/rpl.o
                0x00209c18                rpl_has_joined
 .text.rpl_is_reachable
                0x00209c30       0x18 build/zoul/firefly/obj/rpl.o
                0x00209c30                rpl_is_reachable
 .text.get_sr_node_ipaddr
                0x00209c48       0x2c build/zoul/firefly/obj/rpl.o
 .text.set_ip_from_prefix
                0x00209c74       0x2c build/zoul/firefly/obj/rpl.o
 .text.init     0x00209ca0       0x40 build/zoul/firefly/obj/rpl.o
 .text.rpl_link_callback
                0x00209ce0       0x2c build/zoul/firefly/obj/rpl.o
                0x00209ce0                rpl_link_callback
 .text.rpl_get_global_address
                0x00209d0c       0x64 build/zoul/firefly/obj/rpl.o
                0x00209d0c                rpl_get_global_address
 .text.rpl_reset_prefix
                0x00209d70       0x28 build/zoul/firefly/obj/rpl.o
                0x00209d70                rpl_reset_prefix
 .text.rpl_set_prefix_from_addr
                0x00209d98       0x70 build/zoul/firefly/obj/rpl.o
                0x00209d98                rpl_set_prefix_from_addr
 .text.rpl_get_leaf_only
                0x00209e08        0xc build/zoul/firefly/obj/rpl.o
                0x00209e08                rpl_get_leaf_only
 .text.update_metric_container
                0x00209e14        0xc build/zoul/firefly/obj/rpl-mrhof.o
 .text.within_hysteresis
                0x00209e20       0x38 build/zoul/firefly/obj/rpl-mrhof.o
 .text.rank_via_nbr
                0x00209e58       0x30 build/zoul/firefly/obj/rpl-mrhof.o
 .text.best_parent
                0x00209e88       0x70 build/zoul/firefly/obj/rpl-mrhof.o
 .text.dao_ack_input
                0x00209ef8       0x38 build/zoul/firefly/obj/rpl-icmp6.o
 .text.dao_input
                0x00209f30      0x100 build/zoul/firefly/obj/rpl-icmp6.o
 .text.dio_input
                0x0020a030      0x214 build/zoul/firefly/obj/rpl-icmp6.o
 .text.dis_input
                0x0020a244       0x2c build/zoul/firefly/obj/rpl-icmp6.o
 .text.rpl_icmp6_dis_output
                0x0020a270       0x38 build/zoul/firefly/obj/rpl-icmp6.o
                0x0020a270                rpl_icmp6_dis_output
 .text.rpl_icmp6_dio_output
                0x0020a2a8      0x1c0 build/zoul/firefly/obj/rpl-icmp6.o
                0x0020a2a8                rpl_icmp6_dio_output
 .text.rpl_icmp6_dao_output
                0x0020a468       0xc4 build/zoul/firefly/obj/rpl-icmp6.o
                0x0020a468                rpl_icmp6_dao_output
 .text.rpl_icmp6_dao_ack_output
                0x0020a52c       0x44 build/zoul/firefly/obj/rpl-icmp6.o
                0x0020a52c                rpl_icmp6_dao_ack_output
 .text.rpl_icmp6_init
                0x0020a570       0x30 build/zoul/firefly/obj/rpl-icmp6.o
                0x0020a570                rpl_icmp6_init
 .text.init_dag
                0x0020a5a0       0x78 build/zoul/firefly/obj/rpl-dag.o
 .text.init_dag_from_dio
                0x0020a618       0x84 build/zoul/firefly/obj/rpl-dag.o
 .text.rpl_dag_get_root_ipaddr
                0x0020a69c       0x30 build/zoul/firefly/obj/rpl-dag.o
                0x0020a69c                rpl_dag_get_root_ipaddr
 .text.rpl_dag_leave
                0x0020a6cc       0x54 build/zoul/firefly/obj/rpl-dag.o
                0x0020a6cc                rpl_dag_leave
 .text.rpl_dag_poison_and_leave
                0x0020a720       0x10 build/zoul/firefly/obj/rpl-dag.o
                0x0020a720                rpl_dag_poison_and_leave
 .text.rpl_dag_periodic
                0x0020a730       0x48 build/zoul/firefly/obj/rpl-dag.o
                0x0020a730                rpl_dag_periodic
 .text.rpl_is_addr_in_our_dag
                0x0020a778       0x28 build/zoul/firefly/obj/rpl-dag.o
                0x0020a778                rpl_is_addr_in_our_dag
 .text.rpl_local_repair
                0x0020a7a0       0x34 build/zoul/firefly/obj/rpl-dag.o
                0x0020a7a0                rpl_local_repair
 .text.rpl_global_repair
                0x0020a7d4       0x38 build/zoul/firefly/obj/rpl-dag.o
                0x0020a7d4                rpl_global_repair
 .text.rpl_dag_ready_to_advertise
                0x0020a80c       0x24 build/zoul/firefly/obj/rpl-dag.o
                0x0020a80c                rpl_dag_ready_to_advertise
 .text.rpl_dag_update_state
                0x0020a830      0x128 build/zoul/firefly/obj/rpl-dag.o
                0x0020a830                rpl_dag_update_state
 .text.rpl_process_dio
                0x0020a958      0x18c build/zoul/firefly/obj/rpl-dag.o
                0x0020a958                rpl_process_dio
 .text.rpl_process_dis
                0x0020aae4       0x2c build/zoul/firefly/obj/rpl-dag.o
                0x0020aae4                rpl_process_dis
 .text.rpl_process_dao
                0x0020ab10       0x4c build/zoul/firefly/obj/rpl-dag.o
                0x0020ab10                rpl_process_dao
 .text.rpl_process_dao_ack
                0x0020ab5c       0x54 build/zoul/firefly/obj/rpl-dag.o
                0x0020ab5c                rpl_process_dao_ack
 .text.rpl_dag_init_root
                0x0020abb0       0xa8 build/zoul/firefly/obj/rpl-dag.o
                0x0020abb0                rpl_dag_init_root
 .text.rpl_dag_init
                0x0020ac58       0x10 build/zoul/firefly/obj/rpl-dag.o
                0x0020ac58                rpl_dag_init
 .text.rpl_dag_root_set_prefix
                0x0020ac68       0x68 build/zoul/firefly/obj/rpl-dag-root.o
                0x0020ac68                rpl_dag_root_set_prefix
 .text.rpl_dag_root_start
                0x0020acd0       0x68 build/zoul/firefly/obj/rpl-dag-root.o
                0x0020acd0                rpl_dag_root_start
 .text.rpl_dag_root_is_root
                0x0020ad38       0x18 build/zoul/firefly/obj/rpl-dag-root.o
                0x0020ad38                rpl_dag_root_is_root
 .text.process_thread_boostrapping_service_process
                0x0020ad50      0x648 udp-client.o
 .text.eap_peer_sm_step
                0x0020b398      0x1c4 build/zoul/firefly/obj/eap-peer.o
                0x0020b398                eap_peer_sm_step
 .text.initMethodEap
                0x0020b55c      0x178 build/zoul/firefly/obj/eap-psk.o
                0x0020b55c                initMethodEap
 .text.process  0x0020b6d4      0x118 build/zoul/firefly/obj/eap-psk.o
                0x0020b6d4                process
 .text.buildResp
                0x0020b7ec      0x164 build/zoul/firefly/obj/eap-psk.o
                0x0020b7ec                buildResp
 .text.do_omac  0x0020b950       0xf0 build/zoul/firefly/obj/eax.o
                0x0020b950                do_omac
 .text.validate
                0x0020ba40      0x138 build/zoul/firefly/obj/_cantcoap.o
                0x0020ba40                validate
 .text          0x0020bb78       0x30 /home/user/PANA-Zolertia/gcc-arm-none-eabi-5_2-2015q4/bin/../lib/gcc/arm-none-eabi/5.2.1/armv7-m/libgcc.a(_aeabi_uldivmod.o)
                0x0020bb78                __aeabi_uldivmod
 .text          0x0020bba8      0x2ec /home/user/PANA-Zolertia/gcc-arm-none-eabi-5_2-2015q4/bin/../lib/gcc/arm-none-eabi/5.2.1/armv7-m/libgcc.a(_udivmoddi4.o)
                0x0020bba8                __udivmoddi4
 .text          0x0020be94        0x4 /home/user/PANA-Zolertia/gcc-arm-none-eabi-5_2-2015q4/bin/../lib/gcc/arm-none-eabi/5.2.1/armv7-m/libgcc.a(_dvmd_tls.o)
                0x0020be94                __aeabi_ldiv0
                0x0020be94                __aeabi_idiv0
 .text.malloc   0x0020be98       0x10 /home/user/PANA-Zolertia/gcc-arm-none-eabi-5_2-2015q4/bin/../lib/gcc/arm-none-eabi/5.2.1/../../../../arm-none-eabi/lib/armv7-m/libc.a(lib_a-malloc.o)
                0x0020be98                malloc
 .text.free     0x0020bea8       0x10 /home/user/PANA-Zolertia/gcc-arm-none-eabi-5_2-2015q4/bin/../lib/gcc/arm-none-eabi/5.2.1/../../../../arm-none-eabi/lib/armv7-m/libc.a(lib_a-malloc.o)
                0x0020bea8                free
 .text._malloc_r
                0x0020beb8      0x558 /home/user/PANA-Zolertia/gcc-arm-none-eabi-5_2-2015q4/bin/../lib/gcc/arm-none-eabi/5.2.1/../../../../arm-none-eabi/lib/armv7-m/libc.a(lib_a-mallocr.o)
                0x0020beb8                _malloc_r
 .text.memcmp   0x0020c410       0x64 /home/user/PANA-Zolertia/gcc-arm-none-eabi-5_2-2015q4/bin/../lib/gcc/arm-none-eabi/5.2.1/../../../../arm-none-eabi/lib/armv7-m/libc.a(lib_a-memcmp.o)
                0x0020c410                memcmp
 .text          0x0020c474       0xec /home/user/PANA-Zolertia/gcc-arm-none-eabi-5_2-2015q4/bin/../lib/gcc/arm-none-eabi/5.2.1/../../../../arm-none-eabi/lib/armv7-m/libc.a(lib_a-memcpy.o)
                0x0020c474                memcpy
 .text.memmove  0x0020c560       0xc8 /home/user/PANA-Zolertia/gcc-arm-none-eabi-5_2-2015q4/bin/../lib/gcc/arm-none-eabi/5.2.1/../../../../arm-none-eabi/lib/armv7-m/libc.a(lib_a-memmove.o)
                0x0020c560                memmove
 .text.memset   0x0020c628       0x9c /home/user/PANA-Zolertia/gcc-arm-none-eabi-5_2-2015q4/bin/../lib/gcc/arm-none-eabi/5.2.1/../../../../arm-none-eabi/lib/armv7-m/libc.a(lib_a-memset.o)
                0x0020c628                memset
 .text.__malloc_lock
                0x0020c6c4        0x4 /home/user/PANA-Zolertia/gcc-arm-none-eabi-5_2-2015q4/bin/../lib/gcc/arm-none-eabi/5.2.1/../../../../arm-none-eabi/lib/armv7-m/libc.a(lib_a-mlock.o)
                0x0020c6c4                __malloc_lock
 .text.__malloc_unlock
                0x0020c6c8        0x4 /home/user/PANA-Zolertia/gcc-arm-none-eabi-5_2-2015q4/bin/../lib/gcc/arm-none-eabi/5.2.1/../../../../arm-none-eabi/lib/armv7-m/libc.a(lib_a-mlock.o)
                0x0020c6c8                __malloc_unlock
 .text.rand     0x0020c6cc       0x40 /home/user/PANA-Zolertia/gcc-arm-none-eabi-5_2-2015q4/bin/../lib/gcc/arm-none-eabi/5.2.1/../../../../arm-none-eabi/lib/armv7-m/libc.a(lib_a-rand.o)
                0x0020c6cc                rand
 .text._sbrk_r  0x0020c70c       0x24 /home/user/PANA-Zolertia/gcc-arm-none-eabi-5_2-2015q4/bin/../lib/gcc/arm-none-eabi/5.2.1/../../../../arm-none-eabi/lib/armv7-m/libc.a(lib_a-sbrkr.o)
                0x0020c70c                _sbrk_r
 .text.strchr   0x0020c730       0xd0 /home/user/PANA-Zolertia/gcc-arm-none-eabi-5_2-2015q4/bin/../lib/gcc/arm-none-eabi/5.2.1/../../../../arm-none-eabi/lib/armv7-m/libc.a(lib_a-strchr.o)
                0x0020c730                strchr
 .text.strlen   0x0020c800       0x5c /home/user/PANA-Zolertia/gcc-arm-none-eabi-5_2-2015q4/bin/../lib/gcc/arm-none-eabi/5.2.1/../../../../arm-none-eabi/lib/armv7-m/libc.a(lib_a-strlen-stub.o)
                0x0020c800                strlen
 .text._malloc_trim_r
                0x0020c85c       0x9c /home/user/PANA-Zolertia/gcc-arm-none-eabi-5_2-2015q4/bin/../lib/gcc/arm-none-eabi/5.2.1/../../../../arm-none-eabi/lib/armv7-m/libc.a(lib_a-freer.o)
                0x0020c85c                _malloc_trim_r
 .text._free_r  0x0020c8f8      0x1d0 /home/user/PANA-Zolertia/gcc-arm-none-eabi-5_2-2015q4/bin/../lib/gcc/arm-none-eabi/5.2.1/../../../../arm-none-eabi/lib/armv7-m/libc.a(lib_a-freer.o)
                0x0020c8f8                _free_r
 .text.default_handler
                0x0020cac8        0x2 build/zoul/firefly/obj/startup-gcc.o
                0x0020cac8                default_handler
 .text.nmi_handler
                0x0020caca        0x6 build/zoul/firefly/obj/startup-gcc.o
                0x0020caca                nmi_handler
 .text.fade     0x0020cad0       0x58 build/zoul/firefly/obj/platform.o
 .text.platform_init_stage_one
                0x0020cb28       0x14 build/zoul/firefly/obj/platform.o
                0x0020cb28                platform_init_stage_one
 .text.platform_idle
                0x0020cb3c        0x4 build/zoul/firefly/obj/platform.o
                0x0020cb3c                platform_idle
 .text.board_init
                0x0020cb40        0x2 build/zoul/firefly/obj/board.o
                0x0020cb40                board_init
 .text.soc_init
                0x0020cb42       0x22 build/zoul/firefly/obj/soc.o
                0x0020cb42                soc_init
 .text.clock_isr
                0x0020cb64        0x4 build/zoul/firefly/obj/clock.o
                0x0020cb64                clock_isr
 .text.rtimer_arch_init
                0x0020cb68        0x2 build/zoul/firefly/obj/rtimer-arch.o
                0x0020cb68                rtimer_arch_init
 .text.uart0_isr
                0x0020cb6a        0x6 build/zoul/firefly/obj/uart.o
                0x0020cb6a                uart0_isr
 .text.uart1_isr
                0x0020cb70        0x6 build/zoul/firefly/obj/uart.o
                0x0020cb70                uart1_isr
 .text.gpio_port_a_isr
                0x0020cb76        0x6 build/zoul/firefly/obj/gpio.o
                0x0020cb76                gpio_port_a_isr
 .text.gpio_port_b_isr
                0x0020cb7c        0x6 build/zoul/firefly/obj/gpio.o
                0x0020cb7c                gpio_port_b_isr
 .text.gpio_port_c_isr
                0x0020cb82        0x6 build/zoul/firefly/obj/gpio.o
                0x0020cb82                gpio_port_c_isr
 .text.gpio_port_d_isr
                0x0020cb88        0x6 build/zoul/firefly/obj/gpio.o
                0x0020cb88                gpio_port_d_isr
 .text.galois_mul2
                0x0020cb8e       0x12 build/zoul/firefly/obj/aes.o
 .text.send     0x0020cba0       0x12 build/zoul/firefly/obj/cc2538-rf.o
 .text.int_master_read_and_disable
                0x0020cbb2        0x8 build/zoul/firefly/obj/int-master.o
                0x0020cbb2                int_master_read_and_disable
 .text.int_master_status_set
                0x0020cbba        0x6 build/zoul/firefly/obj/int-master.o
                0x0020cbba                int_master_status_set
 .text.dbg_putchar
                0x0020cbc0       0x10 build/zoul/firefly/obj/dbg.o
                0x0020cbc0                dbg_putchar
 .text.dbg_send_bytes
                0x0020cbd0       0x20 build/zoul/firefly/obj/dbg.o
                0x0020cbd0                dbg_send_bytes
 .text.configure
                0x0020cbf0        0x4 build/zoul/firefly/obj/cc2538-temp-sensor.o
 .text.status   0x0020cbf4        0x4 build/zoul/firefly/obj/cc2538-temp-sensor.o
 .text.value    0x0020cbf8       0x34 build/zoul/firefly/obj/cc2538-temp-sensor.o
 .text.configure
                0x0020cc2c        0x4 build/zoul/firefly/obj/vdd3-sensor.o
 .text.status   0x0020cc30        0x4 build/zoul/firefly/obj/vdd3-sensor.o
 .text.value    0x0020cc34       0x2a build/zoul/firefly/obj/vdd3-sensor.o
 .text.autostart_start
                0x0020cc5e       0x14 build/zoul/firefly/obj/autostart.o
                0x0020cc5e                autostart_start
 .text.energest_init
                0x0020cc72        0x2 build/zoul/firefly/obj/energest.o
                0x0020cc72                energest_init
 .text.etimer_set
                0x0020cc74       0x12 build/zoul/firefly/obj/etimer.o
                0x0020cc74                etimer_set
 .text.etimer_reset
                0x0020cc86       0x12 build/zoul/firefly/obj/etimer.o
                0x0020cc86                etimer_reset
 .text.etimer_restart
                0x0020cc98       0x12 build/zoul/firefly/obj/etimer.o
                0x0020cc98                etimer_restart
 .text.etimer_expired
                0x0020ccaa        0xa build/zoul/firefly/obj/etimer.o
                0x0020ccaa                etimer_expired
 .text.stimer_set
                0x0020ccb4        0xe build/zoul/firefly/obj/stimer.o
                0x0020ccb4                stimer_set
 .text.rtimer_init
                0x0020ccc2        0x4 build/zoul/firefly/obj/rtimer.o
                0x0020ccc2                rtimer_init
 .text.call_process
                0x0020ccc6        0xc build/zoul/firefly/obj/process.o
 .text.timer_set
                0x0020ccd2        0xe build/zoul/firefly/obj/timer.o
                0x0020ccd2                timer_set
 .text.timer_restart
                0x0020cce0        0xc build/zoul/firefly/obj/timer.o
                0x0020cce0                timer_restart
 .text.timer_expired
                0x0020ccec       0x1c build/zoul/firefly/obj/timer.o
                0x0020ccec                timer_expired
 .text.timer_reset
                0x0020cd08       0x14 build/zoul/firefly/obj/timer.o
                0x0020cd08                timer_reset
 .text.button_hal_get_state
                0x0020cd1c       0x2a build/zoul/firefly/obj/button-hal.o
                0x0020cd1c                button_hal_get_state
 .text.list_init
                0x0020cd46        0x6 build/zoul/firefly/obj/list.o
                0x0020cd46                list_init
 .text.list_head
                0x0020cd4c        0x4 build/zoul/firefly/obj/list.o
                0x0020cd4c                list_head
 .text.list_tail
                0x0020cd50       0x10 build/zoul/firefly/obj/list.o
                0x0020cd50                list_tail
 .text.list_remove
                0x0020cd60       0x26 build/zoul/firefly/obj/list.o
                0x0020cd60                list_remove
 .text.list_add
                0x0020cd86       0x1a build/zoul/firefly/obj/list.o
                0x0020cd86                list_add
 .text.list_push
                0x0020cda0       0x10 build/zoul/firefly/obj/list.o
                0x0020cda0                list_push
 .text.list_length
                0x0020cdb0        0xe build/zoul/firefly/obj/list.o
                0x0020cdb0                list_length
 .text.list_item_next
                0x0020cdbe        0x6 build/zoul/firefly/obj/list.o
                0x0020cdbe                list_item_next
 .text.memb_init
                0x0020cdc4       0x20 build/zoul/firefly/obj/memb.o
                0x0020cdc4                memb_init
 .text.memb_alloc
                0x0020cde4       0x28 build/zoul/firefly/obj/memb.o
                0x0020cde4                memb_alloc
 .text.memb_free
                0x0020ce0c       0x2c build/zoul/firefly/obj/memb.o
                0x0020ce0c                memb_free
 .text.memb_inmemb
                0x0020ce38       0x1c build/zoul/firefly/obj/memb.o
                0x0020ce38                memb_inmemb
 .text.memb_numfree
                0x0020ce54       0x1c build/zoul/firefly/obj/memb.o
                0x0020ce54                memb_numfree
 .text.ringbuf_init
                0x0020ce70        0xe build/zoul/firefly/obj/ringbuf.o
                0x0020ce70                ringbuf_init
 .text.ringbuf_put
                0x0020ce7e       0x26 build/zoul/firefly/obj/ringbuf.o
                0x0020ce7e                ringbuf_put
 .text.ringbuf_get
                0x0020cea4       0x20 build/zoul/firefly/obj/ringbuf.o
                0x0020cea4                ringbuf_get
 .text.queuebuf_update_attr_from_packetbuf
                0x0020cec4        0xc build/zoul/firefly/obj/queuebuf.o
                0x0020cec4                queuebuf_update_attr_from_packetbuf
 .text.item_from_index
                0x0020ced0       0x14 build/zoul/firefly/obj/nbr-table.o
 .text.index_from_item
                0x0020cee4       0x16 build/zoul/firefly/obj/nbr-table.o
 .text.nbr_set_bit
                0x0020cefa       0x38 build/zoul/firefly/obj/nbr-table.o
 .text.nbr_table_get_from_lladdr
                0x0020cf32       0x26 build/zoul/firefly/obj/nbr-table.o
                0x0020cf32                nbr_table_get_from_lladdr
 .text.linkaddr_copy
                0x0020cf58        0x6 build/zoul/firefly/obj/linkaddr.o
                0x0020cf58                linkaddr_copy
 .text.linkaddr_cmp
                0x0020cf5e       0x10 build/zoul/firefly/obj/linkaddr.o
                0x0020cf5e                linkaddr_cmp
 .text.link_stats_is_fresh
                0x0020cf6e       0x24 build/zoul/firefly/obj/link-stats.o
                0x0020cf6e                link_stats_is_fresh
 .text.guess_etx_from_rssi
                0x0020cf92       0x40 build/zoul/firefly/obj/link-stats.o
                0x0020cf92                guess_etx_from_rssi
 .text.mac_call_sent_callback
                0x0020cfd2       0x18 build/zoul/firefly/obj/mac.o
                0x0020cfd2                mac_call_sent_callback
 .text.parse    0x0020cfea       0x94 build/zoul/firefly/obj/framer-802154.o
 .text.framer_802154_setup_params
                0x0020d07e       0x84 build/zoul/firefly/obj/framer-802154.o
                0x0020d07e                framer_802154_setup_params
 .text.create   0x0020d102        0x6 build/zoul/firefly/obj/framer-802154.o
 .text.hdr_length
                0x0020d108        0x6 build/zoul/firefly/obj/framer-802154.o
 .text.frame802154_has_panid
                0x0020d10e       0xa6 build/zoul/firefly/obj/frame802154.o
                0x0020d10e                frame802154_has_panid
 .text.field_len
                0x0020d1b4       0x84 build/zoul/firefly/obj/frame802154.o
 .text.frame802154_is_broadcast_addr
                0x0020d238       0x1e build/zoul/firefly/obj/frame802154.o
                0x0020d238                frame802154_is_broadcast_addr
 .text.frame802154_hdrlen
                0x0020d256       0x32 build/zoul/firefly/obj/frame802154.o
                0x0020d256                frame802154_hdrlen
 .text.frame802154_create_fcf
                0x0020d288       0x60 build/zoul/firefly/obj/frame802154.o
                0x0020d288                frame802154_create_fcf
 .text.frame802154_create
                0x0020d2e8       0x94 build/zoul/firefly/obj/frame802154.o
                0x0020d2e8                frame802154_create
 .text.frame802154_parse_fcf
                0x0020d37c       0x66 build/zoul/firefly/obj/frame802154.o
                0x0020d37c                frame802154_parse_fcf
 .text.write_str
                0x0020d3e2       0x10 build/zoul/firefly/obj/printf.o
 .text.buffer_str
                0x0020d3f2       0x16 build/zoul/firefly/obj/sprintf.o
 .text.buffer_str
                0x0020d408       0x28 build/zoul/firefly/obj/snprintf.o
 .text.snprintf
                0x0020d430       0x1a build/zoul/firefly/obj/snprintf.o
                0x0020d430                snprintf
 .text.putchar  0x0020d44a        0xc build/zoul/firefly/obj/putchar.o
                0x0020d44a                putchar
 .text.send_packet
                0x0020d456        0x4 build/zoul/firefly/obj/csma.o
 .text.init     0x0020d45a        0xe build/zoul/firefly/obj/csma.o
 .text.uipbuf_set_len_field
                0x0020d468        0x8 build/zoul/firefly/obj/uipbuf.o
                0x0020d468                uipbuf_set_len_field
 .text.uipbuf_get_len_field
                0x0020d470        0xc build/zoul/firefly/obj/uipbuf.o
                0x0020d470                uipbuf_get_len_field
 .text.uipbuf_get_next_header
                0x0020d47c       0x4e build/zoul/firefly/obj/uipbuf.o
                0x0020d47c                uipbuf_get_next_header
 .text.uipbuf_get_last_header
                0x0020d4ca       0x2c build/zoul/firefly/obj/uipbuf.o
                0x0020d4ca                uipbuf_get_last_header
 .text.uipbuf_search_header
                0x0020d4f6       0x40 build/zoul/firefly/obj/uipbuf.o
                0x0020d4f6                uipbuf_search_header
 .text.uip_sr_expire_parent
                0x0020d536       0x28 build/zoul/firefly/obj/uip-sr.o
                0x0020d536                uip_sr_expire_parent
 .text.uip_ds6_list_loop
                0x0020d55e       0x50 build/zoul/firefly/obj/uip-ds6.o
                0x0020d55e                uip_ds6_list_loop
 .text.uip_ds6_maddr_rm
                0x0020d5ae        0x8 build/zoul/firefly/obj/uip-ds6.o
                0x0020d5ae                uip_ds6_maddr_rm
 .text.uip_ds6_set_addr_iid
                0x0020d5b6       0x16 build/zoul/firefly/obj/uip-ds6.o
                0x0020d5b6                uip_ds6_set_addr_iid
 .text.uip_ds6_set_lladdr_from_iid
                0x0020d5cc       0x16 build/zoul/firefly/obj/uip-ds6.o
                0x0020d5cc                uip_ds6_set_lladdr_from_iid
 .text.get_match_length
                0x0020d5e2       0x3e build/zoul/firefly/obj/uip-ds6.o
                0x0020d5e2                get_match_length
 .text.chksum   0x0020d620       0x38 build/zoul/firefly/obj/uip6.o
 .text.uip_icmp6chksum
                0x0020d658        0x6 build/zoul/firefly/obj/uip6.o
                0x0020d658                uip_icmp6chksum
 .text.uip_udpchksum
                0x0020d65e        0x6 build/zoul/firefly/obj/uip6.o
                0x0020d65e                uip_udpchksum
 .text.uip_htonl
                0x0020d664       0x12 build/zoul/firefly/obj/uip6.o
                0x0020d664                uip_htonl
 .text.uip_ds6_nbr_lookup
                0x0020d676       0x2c build/zoul/firefly/obj/uip-ds6-nbr.o
                0x0020d676                uip_ds6_nbr_lookup
 .text.uip_ds6_nbr_update_ll
                0x0020d6a2       0x5e build/zoul/firefly/obj/uip-ds6-nbr.o
                0x0020d6a2                uip_ds6_nbr_update_ll
 .text.uip_ds6_nbr_ipaddr_from_lladdr
                0x0020d700        0x4 build/zoul/firefly/obj/uip-ds6-nbr.o
                0x0020d700                uip_ds6_nbr_ipaddr_from_lladdr
 .text.uip_ds6_nbr_lladdr_from_ipaddr
                0x0020d704       0x12 build/zoul/firefly/obj/uip-ds6-nbr.o
                0x0020d704                uip_ds6_nbr_lladdr_from_ipaddr
 .text.uip_ds6_link_callback
                0x0020d716        0x2 build/zoul/firefly/obj/uip-ds6-nbr.o
                0x0020d716                uip_ds6_link_callback
 .text.uip_ds6_route_nexthop
                0x0020d718        0x4 build/zoul/firefly/obj/uip-ds6-route.o
                0x0020d718                uip_ds6_route_nexthop
 .text.uip_ds6_route_lookup
                0x0020d71c        0x4 build/zoul/firefly/obj/uip-ds6-route.o
                0x0020d71c                uip_ds6_route_lookup
 .text.uip_ds6_route_rm
                0x0020d720        0x2 build/zoul/firefly/obj/uip-ds6-route.o
                0x0020d720                uip_ds6_route_rm
 .text.rpl_neighbor_get_ipaddr
                0x0020d722        0xe build/zoul/firefly/obj/rpl-neighbor.o
                0x0020d722                rpl_neighbor_get_ipaddr
 .text.rpl_neighbor_get_link_stats
                0x0020d730        0xe build/zoul/firefly/obj/rpl-neighbor.o
                0x0020d730                rpl_neighbor_get_link_stats
 .text.rpl_neighbor_is_fresh
                0x0020d73e        0xe build/zoul/firefly/obj/rpl-neighbor.o
                0x0020d73e                rpl_neighbor_is_fresh
 .text.handle_state_update
                0x0020d74c        0x4 build/zoul/firefly/obj/rpl-timers.o
 .text.get_probing_delay
                0x0020d750       0x1a build/zoul/firefly/obj/rpl-timers.o
                0x0020d750                get_probing_delay
 .text.handle_probing_timer
                0x0020d76a       0x24 build/zoul/firefly/obj/rpl-timers.o
 .text.drop_route
                0x0020d78e        0x2 build/zoul/firefly/obj/rpl.o
 .text.neighbor_state_changed
                0x0020d790        0x2 build/zoul/firefly/obj/rpl.o
 .text.rpl_lollipop_greater_than
                0x0020d792       0x34 build/zoul/firefly/obj/rpl.o
                0x0020d792                rpl_lollipop_greater_than
 .text.reset    0x0020d7c6        0x2 build/zoul/firefly/obj/rpl-mrhof.o
 .text.nbr_link_metric
                0x0020d7c8       0x12 build/zoul/firefly/obj/rpl-mrhof.o
 .text.nbr_has_usable_link
                0x0020d7da       0x12 build/zoul/firefly/obj/rpl-mrhof.o
 .text.nbr_path_cost
                0x0020d7ec       0x28 build/zoul/firefly/obj/rpl-mrhof.o
 .text.nbr_is_acceptable_parent
                0x0020d814       0x1e build/zoul/firefly/obj/rpl-mrhof.o
 .text.get32    0x0020d832       0x18 build/zoul/firefly/obj/rpl-icmp6.o
 .text.set32    0x0020d84a       0x12 build/zoul/firefly/obj/rpl-icmp6.o
 .text.get16    0x0020d85c        0xc build/zoul/firefly/obj/rpl-icmp6.o
 .text.set16    0x0020d868        0xa build/zoul/firefly/obj/rpl-icmp6.o
 .text.rpl_icmp6_update_nbr_table
                0x0020d872       0x2e build/zoul/firefly/obj/rpl-icmp6.o
                0x0020d872                rpl_icmp6_update_nbr_table
 .text.rpl_process_hbh
                0x0020d8a0       0x1c build/zoul/firefly/obj/rpl-dag.o
                0x0020d8a0                rpl_process_hbh
 .text.check    0x0020d8bc        0xc build/zoul/firefly/obj/eap-psk.o
                0x0020d8bc                check
 .text.poly_double
                0x0020d8c8       0x36 build/zoul/firefly/obj/eax.o
                0x0020d8c8                poly_double
 .text.do_omac_n
                0x0020d8fe       0x4a build/zoul/firefly/obj/eax.o
                0x0020d8fe                do_omac_n
 .text.do_ctr   0x0020d948       0x72 build/zoul/firefly/obj/eax.o
                0x0020d948                do_ctr
 .text.do_eax   0x0020d9ba       0x9a build/zoul/firefly/obj/eax.o
                0x0020d9ba                do_eax
 .text._CoapPDU_buf3
                0x0020da54       0x4a build/zoul/firefly/obj/_cantcoap.o
                0x0020da54                _CoapPDU_buf3
 .text._CoapPDU_buf_withCPDU
                0x0020da9e        0x6 build/zoul/firefly/obj/_cantcoap.o
                0x0020da9e                _CoapPDU_buf_withCPDU
 .text.getPDUPointer
                0x0020daa4        0x2 build/zoul/firefly/obj/_cantcoap.o
                0x0020daa4                getPDUPointer
 .text.setVersion
                0x0020daa6       0x18 build/zoul/firefly/obj/_cantcoap.o
                0x0020daa6                setVersion
 .text._CoapPDU
                0x0020dabe       0x36 build/zoul/firefly/obj/_cantcoap.o
                0x0020dabe                _CoapPDU
 .text.reset    0x0020daf4       0x30 build/zoul/firefly/obj/_cantcoap.o
                0x0020daf4                reset
 .text.setType  0x0020db24        0xc build/zoul/firefly/obj/_cantcoap.o
                0x0020db24                setType
 .text.getType  0x0020db30        0x8 build/zoul/firefly/obj/_cantcoap.o
                0x0020db30                getType
 .text.setTokenLength
                0x0020db38       0x16 build/zoul/firefly/obj/_cantcoap.o
                0x0020db38                setTokenLength
 .text.getTokenLength
                0x0020db4e        0x8 build/zoul/firefly/obj/_cantcoap.o
                0x0020db4e                getTokenLength
 .text.getTokenPointer
                0x0020db56        0xe build/zoul/firefly/obj/_cantcoap.o
                0x0020db56                getTokenPointer
 .text.setCode  0x0020db64        0x4 build/zoul/firefly/obj/_cantcoap.o
                0x0020db64                setCode
 .text.getCode  0x0020db68        0x4 build/zoul/firefly/obj/_cantcoap.o
                0x0020db68                getCode
 .text.setMessageID
                0x0020db6c        0xe build/zoul/firefly/obj/_cantcoap.o
                0x0020db6c                setMessageID
 .text.getMessageID
                0x0020db7a        0xe build/zoul/firefly/obj/_cantcoap.o
                0x0020db7a                getMessageID
 .text.getPDULength
                0x0020db88        0x4 build/zoul/firefly/obj/_cantcoap.o
                0x0020db88                getPDULength
 .text.mallocPayload
                0x0020db8c       0x52 build/zoul/firefly/obj/_cantcoap.o
                0x0020db8c                mallocPayload
 .text.setPayload
                0x0020dbde       0x22 build/zoul/firefly/obj/_cantcoap.o
                0x0020dbde                setPayload
 .text.getPayloadPointer
                0x0020dc00        0x4 build/zoul/firefly/obj/_cantcoap.o
                0x0020dc00                getPayloadPointer
 .text.getPayloadLength
                0x0020dc04        0x6 build/zoul/firefly/obj/_cantcoap.o
                0x0020dc04                getPayloadLength
 .text.shiftPDUUp
                0x0020dc0a       0x1e build/zoul/firefly/obj/_cantcoap.o
                0x0020dc0a                shiftPDUUp
 .text.shiftPDUDown
                0x0020dc28       0x18 build/zoul/firefly/obj/_cantcoap.o
                0x0020dc28                shiftPDUDown
 .text.setToken
                0x0020dc40       0x8c build/zoul/firefly/obj/_cantcoap.o
                0x0020dc40                setToken
 .text.getOptionValueLength
                0x0020dccc       0x3c build/zoul/firefly/obj/_cantcoap.o
                0x0020dccc                getOptionValueLength
 .text.getOptionDelta
                0x0020dd08       0x2e build/zoul/firefly/obj/_cantcoap.o
                0x0020dd08                getOptionDelta
 .text.getOptions
                0x0020dd36       0xa4 build/zoul/firefly/obj/_cantcoap.o
                0x0020dd36                getOptions
 .text.getURI   0x0020ddda      0x102 build/zoul/firefly/obj/_cantcoap.o
                0x0020ddda                getURI
 .text.findInsertionPosition
                0x0020dedc       0x90 build/zoul/firefly/obj/_cantcoap.o
                0x0020dedc                findInsertionPosition
 .text.setOptionDelta
                0x0020df6c       0x44 build/zoul/firefly/obj/_cantcoap.o
                0x0020df6c                setOptionDelta
 .text.insertOption
                0x0020dfb0       0x86 build/zoul/firefly/obj/_cantcoap.o
                0x0020dfb0                insertOption
 .text.addOption
                0x0020e036      0x10c build/zoul/firefly/obj/_cantcoap.o
                0x0020e036                addOption
 .text._setURI  0x0020e142       0x94 build/zoul/firefly/obj/_cantcoap.o
                0x0020e142                _setURI
 *(SORT(.rodata*))
 *fill*         0x0020e1d6        0x2 00000000
 .rodata.uart_regs
                0x0020e1d8       0x58 build/zoul/firefly/obj/uart.o
 .rodata.cc2538_rf_driver
                0x0020e230       0x38 build/zoul/firefly/obj/cc2538-rf.o
                0x0020e230                cc2538_rf_driver
 .rodata.output_power
                0x0020e268       0x70 build/zoul/firefly/obj/cc2538-rf.o
 .rodata.cc2538_temp_sensor
                0x0020e2d8       0x10 build/zoul/firefly/obj/cc2538-temp-sensor.o
                0x0020e2d8                cc2538_temp_sensor
 .rodata.vdd3_sensor
                0x0020e2e8       0x10 build/zoul/firefly/obj/vdd3-sensor.o
                0x0020e2e8                vdd3_sensor
 .rodata.framer_802154
                0x0020e2f8        0xc build/zoul/firefly/obj/framer-802154.o
                0x0020e2f8                framer_802154
 .rodata.csma_driver
                0x0020e304       0x1c build/zoul/firefly/obj/csma.o
                0x0020e304                csma_driver
 .rodata.sicslowpan_driver
                0x0020e320       0x10 build/zoul/firefly/obj/sicslowpan.o
                0x0020e320                sicslowpan_driver
 .rodata.rpl_lite_driver
                0x0020e330       0x50 build/zoul/firefly/obj/rpl.o
                0x0020e330                rpl_lite_driver
 .rodata.autostart_processes
                0x0020e380        0x8 udp-client.o
                0x0020e380                autostart_processes
 .rodata.str1.4
                0x0020e388        0x4 /home/user/PANA-Zolertia/gcc-arm-none-eabi-5_2-2015q4/bin/../lib/gcc/arm-none-eabi/5.2.1/../../../../arm-none-eabi/lib/armv7-m/libc.a(lib_a-impure.o)
                                  0x2 (size before relaxing)
 .rodata.linkaddr_null
                0x0020e38c        0x8 build/zoul/firefly/obj/linkaddr.o
                0x0020e38c                linkaddr_null
 .rodata.str1.1
                0x0020e394       0x33 build/zoul/firefly/obj/platform.o
                                 0x37 (size before relaxing)
 .rodata.leds_arch_leds
                0x0020e3c7        0x6 build/zoul/firefly/obj/leds-arch.o
                0x0020e3c7                leds_arch_leds
 .rodata.str1.1
                0x0020e3cd        0xc build/zoul/firefly/obj/board-buttons.o
 .rodata.sbox   0x0020e3d9      0x100 build/zoul/firefly/obj/aes.o
 .rodata.Rcon   0x0020e4d9        0xb build/zoul/firefly/obj/aes.o
 .rodata.str1.1
                0x0020e4e4       0x11 build/zoul/firefly/obj/cc2538-rf.o
 .rodata.str1.1
                0x0020e4f5       0x14 build/zoul/firefly/obj/cc2538-temp-sensor.o
 .rodata.str1.1
                0x0020e509        0x5 build/zoul/firefly/obj/vdd3-sensor.o
 .rodata.str1.1
                0x0020e50e       0xde build/zoul/firefly/obj/contiki-main.o
                                 0xf4 (size before relaxing)
 .rodata.str1.1
                0x0020e5ec        0xf build/zoul/firefly/obj/ctimer.o
 .rodata.str1.1
                0x0020e5fb       0xa9 build/zoul/firefly/obj/log.o
 .rodata.str1.1
                0x0020e6a4        0xc build/zoul/firefly/obj/etimer.o
 .rodata.str1.1
                0x0020e6b0       0x5b build/zoul/firefly/obj/stack-check.o
                                 0x6a (size before relaxing)
 .rodata.str1.1
                0x0020e70b       0x13 build/zoul/firefly/obj/button-hal.o
 .rodata.str1.1
                0x0020e71e        0xe build/zoul/firefly/obj/serial-line.o
 .rodata.str1.1
                0x0020e72c        0x8 build/zoul/firefly/obj/sensors.o
 .rodata.buffer.5563
                0x0020e734       0x10 build/zoul/firefly/obj/strformat.o
 .rodata.str1.1
                0x0020e744       0x35 build/zoul/firefly/obj/strformat.o
                                 0x37 (size before relaxing)
 .rodata.buffer.5572
                0x0020e779       0x10 build/zoul/firefly/obj/strformat.o
 .rodata.str1.1
                0x0020e789        0x5 build/zoul/firefly/obj/csma.o
 .rodata.str1.1
                0x0020e78e       0x28 build/zoul/firefly/obj/uiplib.o
                                 0x2d (size before relaxing)
 .rodata.str1.1
                0x0020e7b6        0xd build/zoul/firefly/obj/tcpip.o
 .rodata        0x0020e7c3        0x2 build/zoul/firefly/obj/sicslowpan.o
 .rodata.unc_llconf
                0x0020e7c5        0x4 build/zoul/firefly/obj/sicslowpan.o
                0x0020e7c5                unc_llconf
 .rodata.llprefix
                0x0020e7c9        0x2 build/zoul/firefly/obj/sicslowpan.o
                0x0020e7c9                llprefix
 .rodata.unc_mxconf
                0x0020e7cb        0x4 build/zoul/firefly/obj/sicslowpan.o
                0x0020e7cb                unc_mxconf
 .rodata.str1.1
                0x0020e7cf        0xb build/zoul/firefly/obj/sicslowpan.o
 .rodata.ttl_values
                0x0020e7da        0x4 build/zoul/firefly/obj/sicslowpan.o
 .rodata.unc_ctxconf
                0x0020e7de        0x4 build/zoul/firefly/obj/sicslowpan.o
                0x0020e7de                unc_ctxconf
 .rodata.str1.1
                0x0020e7e2        0xc build/zoul/firefly/obj/rpl-timers.o
 .rodata.str1.1
                0x0020e7ee        0x9 build/zoul/firefly/obj/rpl.o
 .rodata.str1.1
                0x0020e7f7       0xd7 build/zoul/firefly/obj/rpl-dag.o
 .rodata.str1.1
                0x0020e8ce       0x84 udp-client.o
                                 0x86 (size before relaxing)
 .rodata.str1.1
                0x0020e952       0x12 build/zoul/firefly/obj/eap-peer.o
                                 0x15 (size before relaxing)
 .rodata.str1.1
                0x0020e964        0x7 build/zoul/firefly/obj/eap-psk.o
                                  0xa (size before relaxing)
                0x0020e96b                _etext = .

.glue_7         0x0020e96c        0x0
 .glue_7        0x0020e96c        0x0 linker stubs

.glue_7t        0x0020e96c        0x0
 .glue_7t       0x0020e96c        0x0 linker stubs

.vfp11_veneer   0x0020e96c        0x0
 .vfp11_veneer  0x0020e96c        0x0 linker stubs

.v4_bx          0x0020e96c        0x0
 .v4_bx         0x0020e96c        0x0 linker stubs

.iplt           0x0020e96c        0x0
 .iplt          0x0020e96c        0x0 build/zoul/firefly/obj/startup-gcc.o

.socdata        0x20004000       0x40
 *(SORT(.udma_channel_control_table))
 .udma_channel_control_table
                0x20004000       0x40 build/zoul/firefly/obj/udma.o

.data           0x20004040      0xa89 load address 0x0020e96c
                0x20004040                _data = .
 *(SORT(.data*))
 .data.impure_data
                0x20004040      0x428 /home/user/PANA-Zolertia/gcc-arm-none-eabi-5_2-2015q4/bin/../lib/gcc/arm-none-eabi/5.2.1/../../../../arm-none-eabi/lib/armv7-m/libc.a(lib_a-impure.o)
 .data.button_user
                0x20004468       0x50 build/zoul/firefly/obj/board-buttons.o
 .data.button_hal_buttons
                0x200044b8        0x8 build/zoul/firefly/obj/board-buttons.o
                0x200044b8                button_hal_buttons
 .data.sensors  0x200044c0        0xc build/zoul/firefly/obj/zoul-sensors.o
                0x200044c0                sensors
 .data.cc2538_rf_process
                0x200044cc       0x10 build/zoul/firefly/obj/cc2538-rf.o
                0x200044cc                cc2538_rf_process
 .data.ctimer_process
                0x200044dc       0x10 build/zoul/firefly/obj/ctimer.o
                0x200044dc                ctimer_process
 .data.curr_log_level_main
                0x200044ec        0x4 build/zoul/firefly/obj/log.o
                0x200044ec                curr_log_level_main
 .data.etimer_process
                0x200044f0       0x10 build/zoul/firefly/obj/etimer.o
                0x200044f0                etimer_process
 .data.stack_check_process
                0x20004500       0x10 build/zoul/firefly/obj/stack-check.o
                0x20004500                stack_check_process
 .data.button_hal_process
                0x20004510       0x10 build/zoul/firefly/obj/button-hal.o
                0x20004510                button_hal_process
 .data.serial_line_process
                0x20004520       0x10 build/zoul/firefly/obj/serial-line.o
                0x20004520                serial_line_process
 .data.sensors_process
                0x20004530       0x10 build/zoul/firefly/obj/sensors.o
                0x20004530                sensors_process
 .data.bufmem   0x20004540        0xc build/zoul/firefly/obj/queuebuf.o
 .data.buframmem
                0x2000454c        0xc build/zoul/firefly/obj/queuebuf.o
 .data.neighbor_addr_mem
                0x20004558        0xc build/zoul/firefly/obj/nbr-table.o
 .data.link_stats_struct
                0x20004564       0x10 build/zoul/firefly/obj/link-stats.o
 .data.heap_end.4574
                0x20004574        0x4 build/zoul/firefly/obj/syscalls.o
 .data.ctxt     0x20004578        0x8 build/zoul/firefly/obj/printf.o
 .data.metadata_memb
                0x20004580        0xc build/zoul/firefly/obj/csma-output.o
 .data.packet_memb
                0x2000458c        0xc build/zoul/firefly/obj/csma-output.o
 .data.neighbor_memb
                0x20004598        0xc build/zoul/firefly/obj/csma-output.o
 .data.echo_request_handler
                0x200045a4        0xc build/zoul/firefly/obj/uip-icmp6.o
 .data.echo_reply_handler
                0x200045b0        0xc build/zoul/firefly/obj/uip-icmp6.o
 .data.nodememb
                0x200045bc        0xc build/zoul/firefly/obj/uip-sr.o
 .data.tcpip_process
                0x200045c8       0x10 build/zoul/firefly/obj/tcpip.o
                0x200045c8                tcpip_process
 .data.ds6_neighbors_struct
                0x200045d8       0x10 build/zoul/firefly/obj/uip-ds6-nbr.o
 .data.ns_input_handler
                0x200045e8        0xc build/zoul/firefly/obj/uip-nd6.o
 .data.defaultroutermemb
                0x200045f4        0xc build/zoul/firefly/obj/uip-ds6-route.o
 .data.rpl_neighbors
                0x20004600        0x4 build/zoul/firefly/obj/rpl-neighbor.o
                0x20004600                rpl_neighbors
 .data.rpl_neighbors_struct
                0x20004604       0x10 build/zoul/firefly/obj/rpl-neighbor.o
 .data.rpl_mrhof